Archive member included to satisfy reference by file (symbol)

/opt/gcc-arm-none-eabi-10-2020-q4-major/bin/../lib/gcc/arm-none-eabi/10.2.1/../../../../arm-none-eabi/lib/thumb/v7e-m+dp/hard/libc_nano.a(lib_a-exit.o)
                              /opt/gcc-arm-none-eabi-10-2020-q4-major/bin/../lib/gcc/arm-none-eabi/10.2.1/../../../../arm-none-eabi/lib/thumb/v7e-m+dp/hard/crt0.o (exit)
/opt/gcc-arm-none-eabi-10-2020-q4-major/bin/../lib/gcc/arm-none-eabi/10.2.1/../../../../arm-none-eabi/lib/thumb/v7e-m+dp/hard/libc_nano.a(lib_a-impure.o)
                              /opt/gcc-arm-none-eabi-10-2020-q4-major/bin/../lib/gcc/arm-none-eabi/10.2.1/../../../../arm-none-eabi/lib/thumb/v7e-m+dp/hard/libc_nano.a(lib_a-exit.o) (_global_impure_ptr)
/opt/gcc-arm-none-eabi-10-2020-q4-major/bin/../lib/gcc/arm-none-eabi/10.2.1/../../../../arm-none-eabi/lib/thumb/v7e-m+dp/hard/libc_nano.a(lib_a-init.o)
                              /opt/gcc-arm-none-eabi-10-2020-q4-major/bin/../lib/gcc/arm-none-eabi/10.2.1/../../../../arm-none-eabi/lib/thumb/v7e-m+dp/hard/crt0.o (__libc_init_array)
/opt/gcc-arm-none-eabi-10-2020-q4-major/bin/../lib/gcc/arm-none-eabi/10.2.1/../../../../arm-none-eabi/lib/thumb/v7e-m+dp/hard/libc_nano.a(lib_a-memset.o)
                              /opt/gcc-arm-none-eabi-10-2020-q4-major/bin/../lib/gcc/arm-none-eabi/10.2.1/../../../../arm-none-eabi/lib/thumb/v7e-m+dp/hard/crt0.o (memset)
/opt/gcc-arm-none-eabi-10-2020-q4-major/bin/../lib/gcc/arm-none-eabi/10.2.1/../../../../arm-none-eabi/lib/thumb/v7e-m+dp/hard/libnosys.a(_exit.o)
                              /opt/gcc-arm-none-eabi-10-2020-q4-major/bin/../lib/gcc/arm-none-eabi/10.2.1/../../../../arm-none-eabi/lib/thumb/v7e-m+dp/hard/libc_nano.a(lib_a-exit.o) (_exit)
/opt/gcc-arm-none-eabi-10-2020-q4-major/bin/../lib/gcc/arm-none-eabi/10.2.1/thumb/v7e-m+dp/hard/libgcc.a(_aeabi_uldivmod.o)
                              build/stm32f7xx_hal_rcc.o (__aeabi_uldivmod)
/opt/gcc-arm-none-eabi-10-2020-q4-major/bin/../lib/gcc/arm-none-eabi/10.2.1/thumb/v7e-m+dp/hard/libgcc.a(_udivmoddi4.o)
                              /opt/gcc-arm-none-eabi-10-2020-q4-major/bin/../lib/gcc/arm-none-eabi/10.2.1/thumb/v7e-m+dp/hard/libgcc.a(_aeabi_uldivmod.o) (__udivmoddi4)
/opt/gcc-arm-none-eabi-10-2020-q4-major/bin/../lib/gcc/arm-none-eabi/10.2.1/thumb/v7e-m+dp/hard/libgcc.a(_dvmd_tls.o)
                              /opt/gcc-arm-none-eabi-10-2020-q4-major/bin/../lib/gcc/arm-none-eabi/10.2.1/thumb/v7e-m+dp/hard/libgcc.a(_aeabi_uldivmod.o) (__aeabi_ldiv0)

Discarded input sections

 .text          0x0000000000000000        0x0 /opt/gcc-arm-none-eabi-10-2020-q4-major/bin/../lib/gcc/arm-none-eabi/10.2.1/thumb/v7e-m+dp/hard/crti.o
 .data          0x0000000000000000        0x0 /opt/gcc-arm-none-eabi-10-2020-q4-major/bin/../lib/gcc/arm-none-eabi/10.2.1/thumb/v7e-m+dp/hard/crti.o
 .bss           0x0000000000000000        0x0 /opt/gcc-arm-none-eabi-10-2020-q4-major/bin/../lib/gcc/arm-none-eabi/10.2.1/thumb/v7e-m+dp/hard/crti.o
 .data          0x0000000000000000        0x4 /opt/gcc-arm-none-eabi-10-2020-q4-major/bin/../lib/gcc/arm-none-eabi/10.2.1/thumb/v7e-m+dp/hard/crtbegin.o
 .rodata        0x0000000000000000       0x24 /opt/gcc-arm-none-eabi-10-2020-q4-major/bin/../lib/gcc/arm-none-eabi/10.2.1/thumb/v7e-m+dp/hard/crtbegin.o
 .text          0x0000000000000000       0x7c /opt/gcc-arm-none-eabi-10-2020-q4-major/bin/../lib/gcc/arm-none-eabi/10.2.1/../../../../arm-none-eabi/lib/thumb/v7e-m+dp/hard/crt0.o
 .data          0x0000000000000000        0x0 /opt/gcc-arm-none-eabi-10-2020-q4-major/bin/../lib/gcc/arm-none-eabi/10.2.1/../../../../arm-none-eabi/lib/thumb/v7e-m+dp/hard/crt0.o
 .bss           0x0000000000000000        0x0 /opt/gcc-arm-none-eabi-10-2020-q4-major/bin/../lib/gcc/arm-none-eabi/10.2.1/../../../../arm-none-eabi/lib/thumb/v7e-m+dp/hard/crt0.o
 .ARM.extab     0x0000000000000000        0x0 /opt/gcc-arm-none-eabi-10-2020-q4-major/bin/../lib/gcc/arm-none-eabi/10.2.1/../../../../arm-none-eabi/lib/thumb/v7e-m+dp/hard/crt0.o
 .ARM.exidx     0x0000000000000000       0x10 /opt/gcc-arm-none-eabi-10-2020-q4-major/bin/../lib/gcc/arm-none-eabi/10.2.1/../../../../arm-none-eabi/lib/thumb/v7e-m+dp/hard/crt0.o
 .ARM.attributes
                0x0000000000000000       0x1c /opt/gcc-arm-none-eabi-10-2020-q4-major/bin/../lib/gcc/arm-none-eabi/10.2.1/../../../../arm-none-eabi/lib/thumb/v7e-m+dp/hard/crt0.o
 .text          0x0000000000000000        0x0 build/main.o
 .data          0x0000000000000000        0x0 build/main.o
 .bss           0x0000000000000000        0x0 build/main.o
 .text          0x0000000000000000        0x0 build/stm32f7xx_it.o
 .data          0x0000000000000000        0x0 build/stm32f7xx_it.o
 .bss           0x0000000000000000        0x0 build/stm32f7xx_it.o
 .text          0x0000000000000000        0x0 build/stm32f7xx_hal_msp.o
 .data          0x0000000000000000        0x0 build/stm32f7xx_hal_msp.o
 .bss           0x0000000000000000        0x0 build/stm32f7xx_hal_msp.o
[...]
Memory Configuration

Name             Origin             Length             Attributes
RAM              0x0000000020000000 0x0000000000080000 xrw
FLASH            0x0000000008000000 0x0000000000200000 xr
*default*        0x0000000000000000 0xffffffffffffffff

Linker script and memory map

LOAD /opt/gcc-arm-none-eabi-10-2020-q4-major/bin/../lib/gcc/arm-none-eabi/10.2.1/thumb/v7e-m+dp/hard/crti.o
LOAD /opt/gcc-arm-none-eabi-10-2020-q4-major/bin/../lib/gcc/arm-none-eabi/10.2.1/thumb/v7e-m+dp/hard/crtbegin.o
LOAD /opt/gcc-arm-none-eabi-10-2020-q4-major/bin/../lib/gcc/arm-none-eabi/10.2.1/../../../../arm-none-eabi/lib/thumb/v7e-m+dp/hard/crt0.o
LOAD build/main.o
LOAD build/stm32f7xx_it.o
LOAD build/stm32f7xx_hal_msp.o
LOAD build/stm32f7xx_hal_cortex.o
LOAD build/stm32f7xx_hal_tim.o
LOAD build/stm32f7xx_hal_tim_ex.o
LOAD build/stm32f7xx_hal_rcc.o
LOAD build/stm32f7xx_hal_rcc_ex.o
LOAD build/stm32f7xx_hal_flash.o
LOAD build/stm32f7xx_hal_flash_ex.o
LOAD build/stm32f7xx_hal_gpio.o
LOAD build/stm32f7xx_hal_dma.o
LOAD build/stm32f7xx_hal_dma_ex.o
LOAD build/stm32f7xx_hal_pwr.o
LOAD build/stm32f7xx_hal_pwr_ex.o
LOAD build/stm32f7xx_hal.o
LOAD build/stm32f7xx_hal_i2c.o
LOAD build/stm32f7xx_hal_i2c_ex.o
LOAD build/stm32f7xx_hal_exti.o
LOAD build/stm32f7xx_hal_uart.o
LOAD build/stm32f7xx_hal_uart_ex.o
LOAD build/system_stm32f7xx.o
LOAD build/startup_stm32f767xx.o
LOAD /opt/gcc-arm-none-eabi-10-2020-q4-major/bin/../lib/gcc/arm-none-eabi/10.2.1/../../../../arm-none-eabi/lib/thumb/v7e-m+dp/hard/libc_nano.a
LOAD /opt/gcc-arm-none-eabi-10-2020-q4-major/bin/../lib/gcc/arm-none-eabi/10.2.1/../../../../arm-none-eabi/lib/thumb/v7e-m+dp/hard/libm.a
LOAD /opt/gcc-arm-none-eabi-10-2020-q4-major/bin/../lib/gcc/arm-none-eabi/10.2.1/../../../../arm-none-eabi/lib/thumb/v7e-m+dp/hard/libnosys.a
START GROUP
LOAD /opt/gcc-arm-none-eabi-10-2020-q4-major/bin/../lib/gcc/arm-none-eabi/10.2.1/thumb/v7e-m+dp/hard/libgcc.a
LOAD /opt/gcc-arm-none-eabi-10-2020-q4-major/bin/../lib/gcc/arm-none-eabi/10.2.1/../../../../arm-none-eabi/lib/thumb/v7e-m+dp/hard/libc_nano.a
END GROUP
START GROUP
LOAD /opt/gcc-arm-none-eabi-10-2020-q4-major/bin/../lib/gcc/arm-none-eabi/10.2.1/thumb/v7e-m+dp/hard/libgcc.a
LOAD /opt/gcc-arm-none-eabi-10-2020-q4-major/bin/../lib/gcc/arm-none-eabi/10.2.1/../../../../arm-none-eabi/lib/thumb/v7e-m+dp/hard/libc_nano.a
END GROUP
LOAD /opt/gcc-arm-none-eabi-10-2020-q4-major/bin/../lib/gcc/arm-none-eabi/10.2.1/thumb/v7e-m+dp/hard/crtend.o
LOAD /opt/gcc-arm-none-eabi-10-2020-q4-major/bin/../lib/gcc/arm-none-eabi/10.2.1/thumb/v7e-m+dp/hard/crtn.o
                0x0000000020080000                _estack = (ORIGIN (RAM) + LENGTH (RAM))
                0x0000000000000200                _Min_Heap_Size = 0x200
                0x0000000000000400                _Min_Stack_Size = 0x400

.isr_vector     0x0000000008000000      0x1f8
                0x0000000008000000                . = ALIGN (0x4)
 *(.isr_vector)
 .isr_vector    0x0000000008000000      0x1f8 build/startup_stm32f767xx.o
                0x0000000008000000                g_pfnVectors
                0x00000000080001f8                . = ALIGN (0x4)

.text           0x00000000080001f8     0x2720
                0x00000000080001f8                . = ALIGN (0x4)
 *(.text)
 .text          0x00000000080001f8       0x40 /opt/gcc-arm-none-eabi-10-2020-q4-major/bin/../lib/gcc/arm-none-eabi/10.2.1/thumb/v7e-m+dp/hard/crtbegin.o
 .text          0x0000000008000238       0x30 /opt/gcc-arm-none-eabi-10-2020-q4-major/bin/../lib/gcc/arm-none-eabi/10.2.1/thumb/v7e-m+dp/hard/libgcc.a(_aeabi_uldivmod.o)
                0x0000000008000238                __aeabi_uldivmod
 .text          0x0000000008000268      0x2d0 /opt/gcc-arm-none-eabi-10-2020-q4-major/bin/../lib/gcc/arm-none-eabi/10.2.1/thumb/v7e-m+dp/hard/libgcc.a(_udivmoddi4.o)
                0x0000000008000268                __udivmoddi4
 .text          0x0000000008000538        0x4 /opt/gcc-arm-none-eabi-10-2020-q4-major/bin/../lib/gcc/arm-none-eabi/10.2.1/thumb/v7e-m+dp/hard/libgcc.a(_dvmd_tls.o)
                0x0000000008000538                __aeabi_ldiv0
                0x0000000008000538                __aeabi_idiv0
 *(.text*)
 .text.MX_GPIO_Init
                0x000000000800053c       0x68 build/main.o
 .text.Error_Handler
                0x00000000080005a4        0x4 build/main.o
                0x00000000080005a4                Error_Handler
 .text.MX_TIM1_Init
                0x00000000080005a8       0x6c build/main.o
 .text.MX_USART3_UART_Init
                0x0000000008000614       0x38 build/main.o
 .text.SystemClock_Config
                0x000000000800064c       0xac build/main.o
                0x000000000800064c                SystemClock_Config
 .text.main     0x00000000080006f8       0x48 build/main.o
                0x00000000080006f8                main
 .text.NMI_Handler
                0x0000000008000740        0x2 build/stm32f7xx_it.o
                0x0000000008000740                NMI_Handler
 .text.HardFault_Handler
                0x0000000008000742        0x2 build/stm32f7xx_it.o
                0x0000000008000742                HardFault_Handler
 .text.MemManage_Handler
                0x0000000008000744        0x2 build/stm32f7xx_it.o
                0x0000000008000744                MemManage_Handler
 .text.BusFault_Handler
                0x0000000008000746        0x2 build/stm32f7xx_it.o
                0x0000000008000746                BusFault_Handler
 .text.UsageFault_Handler
                0x0000000008000748        0x2 build/stm32f7xx_it.o
                0x0000000008000748                UsageFault_Handler
 .text.SVC_Handler
                0x000000000800074a        0x2 build/stm32f7xx_it.o
                0x000000000800074a                SVC_Handler
 .text.DebugMon_Handler
                0x000000000800074c        0x2 build/stm32f7xx_it.o
                0x000000000800074c                DebugMon_Handler
 .text.PendSV_Handler
                0x000000000800074e        0x2 build/stm32f7xx_it.o
                0x000000000800074e                PendSV_Handler
 .text.SysTick_Handler
                0x0000000008000750        0x8 build/stm32f7xx_it.o
                0x0000000008000750                SysTick_Handler
 .text.TIM1_BRK_TIM9_IRQHandler
                0x0000000008000758       0x10 build/stm32f7xx_it.o
                0x0000000008000758                TIM1_BRK_TIM9_IRQHandler
 .text.USART3_IRQHandler
                0x0000000008000768       0x10 build/stm32f7xx_it.o
                0x0000000008000768                USART3_IRQHandler
 .text.HAL_MspInit
                0x0000000008000778       0x30 build/stm32f7xx_hal_msp.o
                0x0000000008000778                HAL_MspInit
 .text.HAL_TIM_Base_MspInit
                0x00000000080007a8       0x40 build/stm32f7xx_hal_msp.o
                0x00000000080007a8                HAL_TIM_Base_MspInit
 .text.HAL_UART_MspInit
                0x00000000080007e8       0x9c build/stm32f7xx_hal_msp.o
                0x00000000080007e8                HAL_UART_MspInit
 .text.HAL_NVIC_SetPriorityGrouping
                0x0000000008000884       0x24 build/stm32f7xx_hal_cortex.o
                0x0000000008000884                HAL_NVIC_SetPriorityGrouping
 .text.HAL_NVIC_SetPriority
                0x00000000080008a8       0x6c build/stm32f7xx_hal_cortex.o
                0x00000000080008a8                HAL_NVIC_SetPriority
 .text.HAL_NVIC_EnableIRQ
                0x0000000008000914       0x1c build/stm32f7xx_hal_cortex.o
                0x0000000008000914                HAL_NVIC_EnableIRQ
 .text.HAL_SYSTICK_Config
                0x0000000008000930       0x28 build/stm32f7xx_hal_cortex.o
                0x0000000008000930                HAL_SYSTICK_Config
 .text.TIM_TI1_ConfigInputStage
                0x0000000008000958       0x26 build/stm32f7xx_hal_tim.o
 .text.TIM_TI2_ConfigInputStage
                0x000000000800097e       0x28 build/stm32f7xx_hal_tim.o
 .text.TIM_ITRx_SetConfig
                0x00000000080009a6       0x10 build/stm32f7xx_hal_tim.o
 .text.HAL_TIM_PeriodElapsedCallback
                0x00000000080009b6        0x2 build/stm32f7xx_hal_tim.o
                0x00000000080009b6                HAL_TIM_PeriodElapsedCallback
 .text.HAL_TIM_OC_DelayElapsedCallback
                0x00000000080009b8        0x2 build/stm32f7xx_hal_tim.o
                0x00000000080009b8                HAL_TIM_OC_DelayElapsedCallback
 .text.HAL_TIM_IC_CaptureCallback
                0x00000000080009ba        0x2 build/stm32f7xx_hal_tim.o
                0x00000000080009ba                HAL_TIM_IC_CaptureCallback
 .text.HAL_TIM_PWM_PulseFinishedCallback
                0x00000000080009bc        0x2 build/stm32f7xx_hal_tim.o
                0x00000000080009bc                HAL_TIM_PWM_PulseFinishedCallback
 .text.HAL_TIM_TriggerCallback
                0x00000000080009be        0x2 build/stm32f7xx_hal_tim.o
                0x00000000080009be                HAL_TIM_TriggerCallback
 .text.HAL_TIM_IRQHandler
                0x00000000080009c0      0x19a build/stm32f7xx_hal_tim.o
                0x00000000080009c0                HAL_TIM_IRQHandler
 *fill*         0x0000000008000b5a        0x2 
 .text.TIM_Base_SetConfig
                0x0000000008000b5c      0x110 build/stm32f7xx_hal_tim.o
                0x0000000008000b5c                TIM_Base_SetConfig
 .text.HAL_TIM_Base_Init
                0x0000000008000c6c       0x60 build/stm32f7xx_hal_tim.o
                0x0000000008000c6c                HAL_TIM_Base_Init
 .text.TIM_ETR_SetConfig
                0x0000000008000ccc       0x1a build/stm32f7xx_hal_tim.o
                0x0000000008000ccc                TIM_ETR_SetConfig
 *fill*         0x0000000008000ce6        0x2 
 .text.HAL_TIM_ConfigClockSource
                0x0000000008000ce8      0x100 build/stm32f7xx_hal_tim.o
                0x0000000008000ce8                HAL_TIM_ConfigClockSource
 .text.HAL_TIMEx_MasterConfigSynchronization
                0x0000000008000de8       0xa0 build/stm32f7xx_hal_tim_ex.o
                0x0000000008000de8                HAL_TIMEx_MasterConfigSynchronization
 .text.HAL_TIMEx_CommutCallback
                0x0000000008000e88        0x2 build/stm32f7xx_hal_tim_ex.o
                0x0000000008000e88                HAL_TIMEx_CommutCallback
 .text.HAL_TIMEx_BreakCallback
                0x0000000008000e8a        0x2 build/stm32f7xx_hal_tim_ex.o
                0x0000000008000e8a                HAL_TIMEx_BreakCallback
 .text.HAL_TIMEx_Break2Callback
                0x0000000008000e8c        0x2 build/stm32f7xx_hal_tim_ex.o
                0x0000000008000e8c                HAL_TIMEx_Break2Callback
 *fill*         0x0000000008000e8e        0x2 
 .text.HAL_RCC_OscConfig
                0x0000000008000e90      0x444 build/stm32f7xx_hal_rcc.o
                0x0000000008000e90                HAL_RCC_OscConfig
 .text.HAL_RCC_GetSysClockFreq
                0x00000000080012d4       0xa4 build/stm32f7xx_hal_rcc.o
                0x00000000080012d4                HAL_RCC_GetSysClockFreq
 .text.HAL_RCC_ClockConfig
                0x0000000008001378      0x16c build/stm32f7xx_hal_rcc.o
                0x0000000008001378                HAL_RCC_ClockConfig
 .text.HAL_RCC_GetHCLKFreq
                0x00000000080014e4        0xc build/stm32f7xx_hal_rcc.o
                0x00000000080014e4                HAL_RCC_GetHCLKFreq
 .text.HAL_RCC_GetPCLK1Freq
                0x00000000080014f0       0x20 build/stm32f7xx_hal_rcc.o
                0x00000000080014f0                HAL_RCC_GetPCLK1Freq
 .text.HAL_RCC_GetPCLK2Freq
                0x0000000008001510       0x20 build/stm32f7xx_hal_rcc.o
                0x0000000008001510                HAL_RCC_GetPCLK2Freq
 .text.HAL_RCCEx_PeriphCLKConfig
                0x0000000008001530      0x600 build/stm32f7xx_hal_rcc_ex.o
                0x0000000008001530                HAL_RCCEx_PeriphCLKConfig
 .text.HAL_GPIO_Init
                0x0000000008001b30      0x1f8 build/stm32f7xx_hal_gpio.o
                0x0000000008001b30                HAL_GPIO_Init
 .text.HAL_GPIO_WritePin
                0x0000000008001d28        0xc build/stm32f7xx_hal_gpio.o
                0x0000000008001d28                HAL_GPIO_WritePin
 .text.HAL_DMA_Abort
                0x0000000008001d34       0x94 build/stm32f7xx_hal_dma.o
                0x0000000008001d34                HAL_DMA_Abort
 .text.HAL_DMA_Abort_IT
                0x0000000008001dc8       0x26 build/stm32f7xx_hal_dma.o
                0x0000000008001dc8                HAL_DMA_Abort_IT
 *fill*         0x0000000008001dee        0x2 
 .text.HAL_PWREx_EnableOverDrive
                0x0000000008001df0       0x7c build/stm32f7xx_hal_pwr_ex.o
                0x0000000008001df0                HAL_PWREx_EnableOverDrive
 .text.HAL_InitTick
                0x0000000008001e6c       0x4c build/stm32f7xx_hal.o
                0x0000000008001e6c                HAL_InitTick
 .text.HAL_Init
                0x0000000008001eb8       0x16 build/stm32f7xx_hal.o
                0x0000000008001eb8                HAL_Init
 *fill*         0x0000000008001ece        0x2 
 .text.HAL_IncTick
                0x0000000008001ed0       0x18 build/stm32f7xx_hal.o
                0x0000000008001ed0                HAL_IncTick
 .text.HAL_GetTick
                0x0000000008001ee8        0xc build/stm32f7xx_hal.o
                0x0000000008001ee8                HAL_GetTick
 .text.HAL_Delay
                0x0000000008001ef4       0x28 build/stm32f7xx_hal.o
                0x0000000008001ef4                HAL_Delay
 .text.UART_EndRxTransfer
                0x0000000008001f1c       0x52 build/stm32f7xx_hal_uart.o
 .text.HAL_UART_TxCpltCallback
                0x0000000008001f6e        0x2 build/stm32f7xx_hal_uart.o
                0x0000000008001f6e                HAL_UART_TxCpltCallback
 .text.UART_EndTransmit_IT
                0x0000000008001f70       0x22 build/stm32f7xx_hal_uart.o
 .text.HAL_UART_ErrorCallback
                0x0000000008001f92        0x2 build/stm32f7xx_hal_uart.o
                0x0000000008001f92                HAL_UART_ErrorCallback
 .text.UART_DMAAbortOnError
                0x0000000008001f94       0x14 build/stm32f7xx_hal_uart.o
 .text.HAL_UARTEx_RxEventCallback
                0x0000000008001fa8        0x2 build/stm32f7xx_hal_uart.o
                0x0000000008001fa8                HAL_UARTEx_RxEventCallback
 .text.HAL_UARTEx_WakeupCallback
                0x0000000008001faa        0x2 build/stm32f7xx_hal_uart.o
                0x0000000008001faa                HAL_UARTEx_WakeupCallback
 .text.HAL_UART_IRQHandler
                0x0000000008001fac      0x2ec build/stm32f7xx_hal_uart.o
                0x0000000008001fac                HAL_UART_IRQHandler
 .text.UART_SetConfig
                0x0000000008002298      0x330 build/stm32f7xx_hal_uart.o
                0x0000000008002298                UART_SetConfig
 .text.UART_AdvFeatureConfig
                0x00000000080025c8       0xca build/stm32f7xx_hal_uart.o
                0x00000000080025c8                UART_AdvFeatureConfig
 .text.UART_WaitOnFlagUntilTimeout
                0x0000000008002692       0xd8 build/stm32f7xx_hal_uart.o
                0x0000000008002692                UART_WaitOnFlagUntilTimeout
 .text.UART_CheckIdleState
                0x000000000800276a       0x74 build/stm32f7xx_hal_uart.o
                0x000000000800276a                UART_CheckIdleState
 .text.HAL_UART_Init
                0x00000000080027de       0x62 build/stm32f7xx_hal_uart.o
                0x00000000080027de                HAL_UART_Init
 .text.SystemInit
                0x0000000008002840       0x14 build/system_stm32f7xx.o
                0x0000000008002840                SystemInit
 .text.Reset_Handler
                0x0000000008002854       0x50 build/startup_stm32f767xx.o
                0x0000000008002854                Reset_Handler
 .text.Default_Handler
                0x00000000080028a4        0x2 build/startup_stm32f767xx.o
                0x00000000080028a4                RTC_Alarm_IRQHandler
                0x00000000080028a4                EXTI2_IRQHandler
                0x00000000080028a4                TIM8_CC_IRQHandler
                0x00000000080028a4                UART8_IRQHandler
                0x00000000080028a4                SPI4_IRQHandler
                0x00000000080028a4                TIM1_CC_IRQHandler
                0x00000000080028a4                DMA2_Stream5_IRQHandler
                0x00000000080028a4                JPEG_IRQHandler
                0x00000000080028a4                DMA1_Stream5_IRQHandler
                0x00000000080028a4                CAN3_RX1_IRQHandler
                0x00000000080028a4                PVD_IRQHandler
                0x00000000080028a4                TAMP_STAMP_IRQHandler
                0x00000000080028a4                CAN2_RX1_IRQHandler
                0x00000000080028a4                EXTI3_IRQHandler
                0x00000000080028a4                TIM8_TRG_COM_TIM14_IRQHandler
                0x00000000080028a4                DFSDM1_FLT1_IRQHandler
                0x00000000080028a4                TIM1_UP_TIM10_IRQHandler
                0x00000000080028a4                TIM8_UP_TIM13_IRQHandler
                0x00000000080028a4                I2C3_ER_IRQHandler
                0x00000000080028a4                DFSDM1_FLT2_IRQHandler
                0x00000000080028a4                EXTI0_IRQHandler
                0x00000000080028a4                I2C2_EV_IRQHandler
                0x00000000080028a4                DMA1_Stream2_IRQHandler
                0x00000000080028a4                CAN1_RX0_IRQHandler
                0x00000000080028a4                FPU_IRQHandler
                0x00000000080028a4                OTG_HS_WKUP_IRQHandler
                0x00000000080028a4                CAN3_SCE_IRQHandler
                0x00000000080028a4                LTDC_ER_IRQHandler
                0x00000000080028a4                CAN2_SCE_IRQHandler
                0x00000000080028a4                DMA2_Stream2_IRQHandler
                0x00000000080028a4                SPI1_IRQHandler
                0x00000000080028a4                TIM6_DAC_IRQHandler
                0x00000000080028a4                DCMI_IRQHandler
                0x00000000080028a4                CAN2_RX0_IRQHandler
                0x00000000080028a4                DMA2_Stream3_IRQHandler
                0x00000000080028a4                SAI2_IRQHandler
                0x00000000080028a4                DFSDM1_FLT3_IRQHandler
                0x00000000080028a4                USART6_IRQHandler
                0x00000000080028a4                CAN3_RX0_IRQHandler
                0x00000000080028a4                CAN1_RX1_IRQHandler
                0x00000000080028a4                UART5_IRQHandler
                0x00000000080028a4                DMA2_Stream0_IRQHandler
                0x00000000080028a4                TIM4_IRQHandler
                0x00000000080028a4                QUADSPI_IRQHandler
                0x00000000080028a4                I2C1_EV_IRQHandler
                0x00000000080028a4                DMA1_Stream6_IRQHandler
                0x00000000080028a4                DMA1_Stream1_IRQHandler
                0x00000000080028a4                UART4_IRQHandler
                0x00000000080028a4                TIM3_IRQHandler
                0x00000000080028a4                RCC_IRQHandler
                0x00000000080028a4                TIM8_BRK_TIM12_IRQHandler
                0x00000000080028a4                Default_Handler
                0x00000000080028a4                CEC_IRQHandler
                0x00000000080028a4                EXTI15_10_IRQHandler
                0x00000000080028a4                ADC_IRQHandler
                0x00000000080028a4                DMA1_Stream7_IRQHandler
                0x00000000080028a4                SPI5_IRQHandler
                0x00000000080028a4                TIM7_IRQHandler
                0x00000000080028a4                SDMMC1_IRQHandler
                0x00000000080028a4                CAN2_TX_IRQHandler
                0x00000000080028a4                TIM5_IRQHandler
                0x00000000080028a4                DMA2_Stream7_IRQHandler
                0x00000000080028a4                I2C3_EV_IRQHandler
                0x00000000080028a4                EXTI9_5_IRQHandler
                0x00000000080028a4                RTC_WKUP_IRQHandler
                0x00000000080028a4                LTDC_IRQHandler
                0x00000000080028a4                ETH_WKUP_IRQHandler
                0x00000000080028a4                SPDIF_RX_IRQHandler
                0x00000000080028a4                SPI2_IRQHandler
                0x00000000080028a4                OTG_HS_EP1_IN_IRQHandler
                0x00000000080028a4                DMA1_Stream0_IRQHandler
                0x00000000080028a4                CAN1_TX_IRQHandler
                0x00000000080028a4                EXTI4_IRQHandler
                0x00000000080028a4                RNG_IRQHandler
                0x00000000080028a4                ETH_IRQHandler
                0x00000000080028a4                OTG_HS_EP1_OUT_IRQHandler
                0x00000000080028a4                WWDG_IRQHandler
                0x00000000080028a4                SPI6_IRQHandler
                0x00000000080028a4                MDIOS_IRQHandler
                0x00000000080028a4                I2C4_EV_IRQHandler
                0x00000000080028a4                CAN3_TX_IRQHandler
                0x00000000080028a4                TIM2_IRQHandler
                0x00000000080028a4                OTG_FS_WKUP_IRQHandler
                0x00000000080028a4                TIM1_TRG_COM_TIM11_IRQHandler
                0x00000000080028a4                OTG_HS_IRQHandler
                0x00000000080028a4                DMA2D_IRQHandler
                0x00000000080028a4                EXTI1_IRQHandler
                0x00000000080028a4                SDMMC2_IRQHandler
                0x00000000080028a4                UART7_IRQHandler
                0x00000000080028a4                USART2_IRQHandler
                0x00000000080028a4                DFSDM1_FLT0_IRQHandler
                0x00000000080028a4                I2C2_ER_IRQHandler
                0x00000000080028a4                DMA2_Stream1_IRQHandler
                0x00000000080028a4                CAN1_SCE_IRQHandler
                0x00000000080028a4                FLASH_IRQHandler
                0x00000000080028a4                DMA2_Stream4_IRQHandler
                0x00000000080028a4                USART1_IRQHandler
                0x00000000080028a4                OTG_FS_IRQHandler
                0x00000000080028a4                SPI3_IRQHandler
                0x00000000080028a4                DMA1_Stream4_IRQHandler
                0x00000000080028a4                I2C1_ER_IRQHandler
                0x00000000080028a4                FMC_IRQHandler
                0x00000000080028a4                LPTIM1_IRQHandler
                0x00000000080028a4                I2C4_ER_IRQHandler
                0x00000000080028a4                DMA2_Stream6_IRQHandler
                0x00000000080028a4                SAI1_IRQHandler
                0x00000000080028a4                DMA1_Stream3_IRQHandler
 *fill*         0x00000000080028a6        0x2 
 .text.__libc_init_array
                0x00000000080028a8       0x48 /opt/gcc-arm-none-eabi-10-2020-q4-major/bin/../lib/gcc/arm-none-eabi/10.2.1/../../../../arm-none-eabi/lib/thumb/v7e-m+dp/hard/libc_nano.a(lib_a-init.o)
                0x00000000080028a8                __libc_init_array
 .text.memset   0x00000000080028f0       0x10 /opt/gcc-arm-none-eabi-10-2020-q4-major/bin/../lib/gcc/arm-none-eabi/10.2.1/../../../../arm-none-eabi/lib/thumb/v7e-m+dp/hard/libc_nano.a(lib_a-memset.o)
                0x00000000080028f0                memset
 *(.glue_7)
 .glue_7        0x0000000008002900        0x0 linker stubs
 *(.glue_7t)
 .glue_7t       0x0000000008002900        0x0 linker stubs
 *(.eh_frame)
 .eh_frame      0x0000000008002900        0x0 /opt/gcc-arm-none-eabi-10-2020-q4-major/bin/../lib/gcc/arm-none-eabi/10.2.1/thumb/v7e-m+dp/hard/crtbegin.o
 *(.init)
 .init          0x0000000008002900        0x4 /opt/gcc-arm-none-eabi-10-2020-q4-major/bin/../lib/gcc/arm-none-eabi/10.2.1/thumb/v7e-m+dp/hard/crti.o
                0x0000000008002900                _init
 .init          0x0000000008002904        0x8 /opt/gcc-arm-none-eabi-10-2020-q4-major/bin/../lib/gcc/arm-none-eabi/10.2.1/thumb/v7e-m+dp/hard/crtn.o
 *(.fini)
 .fini          0x000000000800290c        0x4 /opt/gcc-arm-none-eabi-10-2020-q4-major/bin/../lib/gcc/arm-none-eabi/10.2.1/thumb/v7e-m+dp/hard/crti.o
                0x000000000800290c                _fini
 .fini          0x0000000008002910        0x8 /opt/gcc-arm-none-eabi-10-2020-q4-major/bin/../lib/gcc/arm-none-eabi/10.2.1/thumb/v7e-m+dp/hard/crtn.o
                0x0000000008002918                . = ALIGN (0x4)
                0x0000000008002918                _etext = .

.vfp11_veneer   0x0000000008002918        0x0
 .vfp11_veneer  0x0000000008002918        0x0 linker stubs

.v4_bx          0x0000000008002918        0x0
 .v4_bx         0x0000000008002918        0x0 linker stubs

.iplt           0x0000000008002918        0x0
 .iplt          0x0000000008002918        0x0 /opt/gcc-arm-none-eabi-10-2020-q4-major/bin/../lib/gcc/arm-none-eabi/10.2.1/thumb/v7e-m+dp/hard/crtbegin.o

.rodata         0x0000000008002918       0x18
                0x0000000008002918                . = ALIGN (0x4)
 *(.rodata)
 *(.rodata*)
 .rodata.AHBPrescTable
                0x0000000008002918       0x10 build/system_stm32f7xx.o
                0x0000000008002918                AHBPrescTable
 .rodata.APBPrescTable
                0x0000000008002928        0x8 build/system_stm32f7xx.o
                0x0000000008002928                APBPrescTable
                0x0000000008002930                . = ALIGN (0x4)

.ARM.extab
 *(.ARM.extab* .gnu.linkonce.armextab.*)

.ARM            0x0000000008002930        0x8
                0x0000000008002930                __exidx_start = .
 *(.ARM.exidx*)
 .ARM.exidx     0x0000000008002930        0x8 /opt/gcc-arm-none-eabi-10-2020-q4-major/bin/../lib/gcc/arm-none-eabi/10.2.1/thumb/v7e-m+dp/hard/libgcc.a(_udivmoddi4.o)
                0x0000000008002938                __exidx_end = .

.rel.dyn        0x0000000008002938        0x0
 .rel.iplt      0x0000000008002938        0x0 /opt/gcc-arm-none-eabi-10-2020-q4-major/bin/../lib/gcc/arm-none-eabi/10.2.1/thumb/v7e-m+dp/hard/crtbegin.o

.preinit_array  0x0000000008002938        0x0
                0x0000000008002938                PROVIDE (__preinit_array_start = .)
 *(.preinit_array*)
                0x0000000008002938                PROVIDE (__preinit_array_end = .)

.init_array     0x0000000008002938        0x4
                0x0000000008002938                PROVIDE (__init_array_start = .)
 *(SORT_BY_NAME(.init_array.*))
 *(.init_array*)
 .init_array    0x0000000008002938        0x4 /opt/gcc-arm-none-eabi-10-2020-q4-major/bin/../lib/gcc/arm-none-eabi/10.2.1/thumb/v7e-m+dp/hard/crtbegin.o
                0x000000000800293c                PROVIDE (__init_array_end = .)

.fini_array     0x000000000800293c        0x4
                [!provide]                        PROVIDE (__fini_array_start = .)
 *(SORT_BY_NAME(.fini_array.*))
 *(.fini_array*)
 .fini_array    0x000000000800293c        0x4 /opt/gcc-arm-none-eabi-10-2020-q4-major/bin/../lib/gcc/arm-none-eabi/10.2.1/thumb/v7e-m+dp/hard/crtbegin.o
                [!provide]                        PROVIDE (__fini_array_end = .)
                0x0000000008002940                _sidata = LOADADDR (.data)

.data           0x0000000020000000        0xc load address 0x0000000008002940
                0x0000000020000000                . = ALIGN (0x4)
                0x0000000020000000                _sdata = .
 *(.data)
 *(.data*)
 .data.uwTickFreq
                0x0000000020000000        0x1 build/stm32f7xx_hal.o
                0x0000000020000000                uwTickFreq
 *fill*         0x0000000020000001        0x3 
 .data.uwTickPrio
                0x0000000020000004        0x4 build/stm32f7xx_hal.o
                0x0000000020000004                uwTickPrio
 .data.SystemCoreClock
                0x0000000020000008        0x4 build/system_stm32f7xx.o
                0x0000000020000008                SystemCoreClock
                0x000000002000000c                . = ALIGN (0x4)
                0x000000002000000c                _edata = .

.igot.plt       0x000000002000000c        0x0 load address 0x000000000800294c
 .igot.plt      0x000000002000000c        0x0 /opt/gcc-arm-none-eabi-10-2020-q4-major/bin/../lib/gcc/arm-none-eabi/10.2.1/thumb/v7e-m+dp/hard/crtbegin.o
                0x000000002000000c                . = ALIGN (0x4)

.bss            0x000000002000000c       0xf4 load address 0x000000000800294c
                0x000000002000000c                _sbss = .
                0x000000002000000c                __bss_start__ = _sbss
 *(.bss)
 .bss           0x000000002000000c       0x1c /opt/gcc-arm-none-eabi-10-2020-q4-major/bin/../lib/gcc/arm-none-eabi/10.2.1/thumb/v7e-m+dp/hard/crtbegin.o
 *(.bss*)
 .bss.htim1     0x0000000020000028       0x4c build/main.o
                0x0000000020000028                htim1
 .bss.huart3    0x0000000020000074       0x88 build/main.o
                0x0000000020000074                huart3
 .bss.uwTick    0x00000000200000fc        0x4 build/stm32f7xx_hal.o
                0x00000000200000fc                uwTick
 *(COMMON)
                0x0000000020000100                . = ALIGN (0x4)
                0x0000000020000100                _ebss = .
                0x0000000020000100                __bss_end__ = _ebss

._user_heap_stack
                0x0000000020000100      0x600 load address 0x000000000800294c
                0x0000000020000100                . = ALIGN (0x8)
                [!provide]                        PROVIDE (end = .)
                [!provide]                        PROVIDE (_end = .)
                0x0000000020000300                . = (. + _Min_Heap_Size)
 *fill*         0x0000000020000100      0x200 
                0x0000000020000700                . = (. + _Min_Stack_Size)
 *fill*         0x0000000020000300      0x400 
                0x0000000020000700                . = ALIGN (0x8)

/DISCARD/
 libc.a(*)
 libm.a(*)
 libgcc.a(*)

.ARM.attributes
                0x0000000000000000       0x2e
 *(.ARM.attributes)
 .ARM.attributes
                0x0000000000000000       0x1e /opt/gcc-arm-none-eabi-10-2020-q4-major/bin/../lib/gcc/arm-none-eabi/10.2.1/thumb/v7e-m+dp/hard/crti.o
 .ARM.attributes
                0x000000000000001e       0x32 /opt/gcc-arm-none-eabi-10-2020-q4-major/bin/../lib/gcc/arm-none-eabi/10.2.1/thumb/v7e-m+dp/hard/crtbegin.o
 .ARM.attributes
                0x0000000000000050       0x32 build/main.o
 .ARM.attributes
                0x0000000000000082       0x32 build/stm32f7xx_it.o
 .ARM.attributes
                0x00000000000000b4       0x32 build/stm32f7xx_hal_msp.o
 .ARM.attributes
                0x00000000000000e6       0x32 build/stm32f7xx_hal_cortex.o
 .ARM.attributes
                0x0000000000000118       0x32 build/stm32f7xx_hal_tim.o
 .ARM.attributes
                0x000000000000014a       0x32 build/stm32f7xx_hal_tim_ex.o
 .ARM.attributes
                0x000000000000017c       0x32 build/stm32f7xx_hal_rcc.o
 .ARM.attributes
                0x00000000000001ae       0x32 build/stm32f7xx_hal_rcc_ex.o
 .ARM.attributes
                0x00000000000001e0       0x32 build/stm32f7xx_hal_gpio.o
 .ARM.attributes
                0x0000000000000212       0x32 build/stm32f7xx_hal_dma.o
 .ARM.attributes
                0x0000000000000244       0x32 build/stm32f7xx_hal_pwr_ex.o
 .ARM.attributes
                0x0000000000000276       0x32 build/stm32f7xx_hal.o
 .ARM.attributes
                0x00000000000002a8       0x32 build/stm32f7xx_hal_uart.o
 .ARM.attributes
                0x00000000000002da       0x32 build/system_stm32f7xx.o
 .ARM.attributes
                0x000000000000030c       0x21 build/startup_stm32f767xx.o
 .ARM.attributes
                0x000000000000032d       0x32 /opt/gcc-arm-none-eabi-10-2020-q4-major/bin/../lib/gcc/arm-none-eabi/10.2.1/../../../../arm-none-eabi/lib/thumb/v7e-m+dp/hard/libc_nano.a(lib_a-init.o)
 .ARM.attributes
                0x000000000000035f       0x32 /opt/gcc-arm-none-eabi-10-2020-q4-major/bin/../lib/gcc/arm-none-eabi/10.2.1/../../../../arm-none-eabi/lib/thumb/v7e-m+dp/hard/libc_nano.a(lib_a-memset.o)
 .ARM.attributes
                0x0000000000000391       0x1e /opt/gcc-arm-none-eabi-10-2020-q4-major/bin/../lib/gcc/arm-none-eabi/10.2.1/thumb/v7e-m+dp/hard/libgcc.a(_aeabi_uldivmod.o)
 .ARM.attributes
                0x00000000000003af       0x32 /opt/gcc-arm-none-eabi-10-2020-q4-major/bin/../lib/gcc/arm-none-eabi/10.2.1/thumb/v7e-m+dp/hard/libgcc.a(_udivmoddi4.o)
 .ARM.attributes
                0x00000000000003e1       0x1e /opt/gcc-arm-none-eabi-10-2020-q4-major/bin/../lib/gcc/arm-none-eabi/10.2.1/thumb/v7e-m+dp/hard/libgcc.a(_dvmd_tls.o)
 .ARM.attributes
                0x00000000000003ff       0x1e /opt/gcc-arm-none-eabi-10-2020-q4-major/bin/../lib/gcc/arm-none-eabi/10.2.1/thumb/v7e-m+dp/hard/crtn.o
OUTPUT(build/blink.elf elf32-littlearm)
LOAD linker stubs
LOAD /opt/gcc-arm-none-eabi-10-2020-q4-major/bin/../lib/gcc/arm-none-eabi/10.2.1/../../../../arm-none-eabi/lib/thumb/v7e-m+dp/hard/libc.a
LOAD /opt/gcc-arm-none-eabi-10-2020-q4-major/bin/../lib/gcc/arm-none-eabi/10.2.1/../../../../arm-none-eabi/lib/thumb/v7e-m+dp/hard/libm.a
LOAD /opt/gcc-arm-none-eabi-10-2020-q4-major/bin/../lib/gcc/arm-none-eabi/10.2.1/thumb/v7e-m+dp/hard/libgcc.a

.debug_info     0x0000000000000000    0x14c0d
 .debug_info    0x0000000000000000     0x1541 build/main.o
 .debug_info    0x0000000000001541      0xc98 build/stm32f7xx_it.o
 .debug_info    0x00000000000021d9     0x16fa build/stm32f7xx_hal_msp.o
 .debug_info    0x00000000000038d3     0x1432 build/stm32f7xx_hal_cortex.o
 .debug_info    0x0000000000004d05     0x4257 build/stm32f7xx_hal_tim.o
 .debug_info    0x0000000000008f5c     0x1ef3 build/stm32f7xx_hal_tim_ex.o
 .debug_info    0x000000000000ae4f      0xd17 build/stm32f7xx_hal_rcc.o
 .debug_info    0x000000000000bb66      0x986 build/stm32f7xx_hal_rcc_ex.o
 .debug_info    0x000000000000c4ec      0x88b build/stm32f7xx_hal_gpio.o
 .debug_info    0x000000000000cd77      0xbd1 build/stm32f7xx_hal_dma.o
 .debug_info    0x000000000000d948      0xb1b build/stm32f7xx_hal_pwr_ex.o
 .debug_info    0x000000000000e463      0xbec build/stm32f7xx_hal.o
 .debug_info    0x000000000000f04f     0x539a build/stm32f7xx_hal_uart.o
 .debug_info    0x00000000000143e9      0x802 build/system_stm32f7xx.o
 .debug_info    0x0000000000014beb       0x22 build/startup_stm32f767xx.o

.debug_abbrev   0x0000000000000000     0x20a7
 .debug_abbrev  0x0000000000000000      0x26c build/main.o
 .debug_abbrev  0x000000000000026c      0x197 build/stm32f7xx_it.o
 .debug_abbrev  0x0000000000000403      0x1f3 build/stm32f7xx_hal_msp.o
 .debug_abbrev  0x00000000000005f6      0x382 build/stm32f7xx_hal_cortex.o
 .debug_abbrev  0x0000000000000978      0x289 build/stm32f7xx_hal_tim.o
 .debug_abbrev  0x0000000000000c01      0x29f build/stm32f7xx_hal_tim_ex.o
 .debug_abbrev  0x0000000000000ea0      0x2d2 build/stm32f7xx_hal_rcc.o
 .debug_abbrev  0x0000000000001172      0x1f4 build/stm32f7xx_hal_rcc_ex.o
 .debug_abbrev  0x0000000000001366      0x22b build/stm32f7xx_hal_gpio.o
 .debug_abbrev  0x0000000000001591      0x2ff build/stm32f7xx_hal_dma.o
 .debug_abbrev  0x0000000000001890      0x1b8 build/stm32f7xx_hal_pwr_ex.o
 .debug_abbrev  0x0000000000001a48      0x209 build/stm32f7xx_hal.o
 .debug_abbrev  0x0000000000001c51      0x31a build/stm32f7xx_hal_uart.o
 .debug_abbrev  0x0000000000001f6b      0x12a build/system_stm32f7xx.o
 .debug_abbrev  0x0000000000002095       0x12 build/startup_stm32f767xx.o

.debug_loc      0x0000000000000000    0x10ed1
 .debug_loc     0x0000000000000000      0x102 build/main.o
 .debug_loc     0x0000000000000102       0x60 build/stm32f7xx_it.o
 .debug_loc     0x0000000000000162      0x1ef build/stm32f7xx_hal_msp.o
 .debug_loc     0x0000000000000351      0x794 build/stm32f7xx_hal_cortex.o
 .debug_loc     0x0000000000000ae5     0x6089 build/stm32f7xx_hal_tim.o
 .debug_loc     0x0000000000006b6e     0x27e6 build/stm32f7xx_hal_tim_ex.o
 .debug_loc     0x0000000000009354      0x80d build/stm32f7xx_hal_rcc.o
 .debug_loc     0x0000000000009b61      0x954 build/stm32f7xx_hal_rcc_ex.o
 .debug_loc     0x000000000000a4b5      0x5e8 build/stm32f7xx_hal_gpio.o
 .debug_loc     0x000000000000aa9d      0xd6d build/stm32f7xx_hal_dma.o
 .debug_loc     0x000000000000b80a      0x3dd build/stm32f7xx_hal_pwr_ex.o
 .debug_loc     0x000000000000bbe7      0x1e1 build/stm32f7xx_hal.o
 .debug_loc     0x000000000000bdc8     0x4fb1 build/stm32f7xx_hal_uart.o
 .debug_loc     0x0000000000010d79      0x158 build/system_stm32f7xx.o

.debug_aranges  0x0000000000000000      0xcd0
 .debug_aranges
                0x0000000000000000       0x48 build/main.o
 .debug_aranges
                0x0000000000000048       0x70 build/stm32f7xx_it.o
 .debug_aranges
                0x00000000000000b8       0x40 build/stm32f7xx_hal_msp.o
 .debug_aranges
                0x00000000000000f8       0xa8 build/stm32f7xx_hal_cortex.o
 .debug_aranges
                0x00000000000001a0      0x3e0 build/stm32f7xx_hal_tim.o
 .debug_aranges
                0x0000000000000580      0x180 build/stm32f7xx_hal_tim_ex.o
 .debug_aranges
                0x0000000000000700       0x88 build/stm32f7xx_hal_rcc.o
 .debug_aranges
                0x0000000000000788       0x50 build/stm32f7xx_hal_rcc_ex.o
 .debug_aranges
                0x00000000000007d8       0x58 build/stm32f7xx_hal_gpio.o
 .debug_aranges
                0x0000000000000830       0x90 build/stm32f7xx_hal_dma.o
 .debug_aranges
                0x00000000000008c0       0x80 build/stm32f7xx_hal_pwr_ex.o
 .debug_aranges
                0x0000000000000940      0x110 build/stm32f7xx_hal.o
 .debug_aranges
                0x0000000000000a50      0x230 build/stm32f7xx_hal_uart.o
 .debug_aranges
                0x0000000000000c80       0x28 build/system_stm32f7xx.o
 .debug_aranges
                0x0000000000000ca8       0x28 build/startup_stm32f767xx.o

.debug_ranges   0x0000000000000000      0xc60
 .debug_ranges  0x0000000000000000       0x38 build/main.o
 .debug_ranges  0x0000000000000038       0x60 build/stm32f7xx_it.o
 .debug_ranges  0x0000000000000098       0x30 build/stm32f7xx_hal_msp.o
 .debug_ranges  0x00000000000000c8       0xf8 build/stm32f7xx_hal_cortex.o
 .debug_ranges  0x00000000000001c0      0x3d0 build/stm32f7xx_hal_tim.o
 .debug_ranges  0x0000000000000590      0x170 build/stm32f7xx_hal_tim_ex.o
 .debug_ranges  0x0000000000000700       0x78 build/stm32f7xx_hal_rcc.o
 .debug_ranges  0x0000000000000778       0x40 build/stm32f7xx_hal_rcc_ex.o
 .debug_ranges  0x00000000000007b8       0x48 build/stm32f7xx_hal_gpio.o
 .debug_ranges  0x0000000000000800       0x80 build/stm32f7xx_hal_dma.o
 .debug_ranges  0x0000000000000880       0x70 build/stm32f7xx_hal_pwr_ex.o
 .debug_ranges  0x00000000000008f0      0x100 build/stm32f7xx_hal.o
 .debug_ranges  0x00000000000009f0      0x238 build/stm32f7xx_hal_uart.o
 .debug_ranges  0x0000000000000c28       0x18 build/system_stm32f7xx.o
 .debug_ranges  0x0000000000000c40       0x20 build/startup_stm32f767xx.o

.debug_line     0x0000000000000000    0x10ac9
 .debug_line    0x0000000000000000      0x500 build/main.o
 .debug_line    0x0000000000000500      0x2e5 build/stm32f7xx_it.o
 .debug_line    0x00000000000007e5      0x34a build/stm32f7xx_hal_msp.o
 .debug_line    0x0000000000000b2f      0x761 build/stm32f7xx_hal_cortex.o
 .debug_line    0x0000000000001290     0x4ecb build/stm32f7xx_hal_tim.o
 .debug_line    0x000000000000615b     0x1e55 build/stm32f7xx_hal_tim_ex.o
 .debug_line    0x0000000000007fb0      0xcd4 build/stm32f7xx_hal_rcc.o
 .debug_line    0x0000000000008c84      0xc05 build/stm32f7xx_hal_rcc_ex.o
 .debug_line    0x0000000000009889      0x6e0 build/stm32f7xx_hal_gpio.o
 .debug_line    0x0000000000009f69      0xe21 build/stm32f7xx_hal_dma.o
 .debug_line    0x000000000000ad8a      0x547 build/stm32f7xx_hal_pwr_ex.o
 .debug_line    0x000000000000b2d1      0x5a9 build/stm32f7xx_hal.o
 .debug_line    0x000000000000b87a     0x4fa6 build/stm32f7xx_hal_uart.o
 .debug_line    0x0000000000010820      0x233 build/system_stm32f7xx.o
 .debug_line    0x0000000000010a53       0x76 build/startup_stm32f767xx.o

.debug_str      0x0000000000000000     0x46d5
 .debug_str     0x0000000000000000      0xd5a build/main.o
                                        0xe3e (size before relaxing)
 .debug_str     0x0000000000000d5a      0x101 build/stm32f7xx_it.o
                                        0xa36 (size before relaxing)
 .debug_str     0x0000000000000e5b      0x9d7 build/stm32f7xx_hal_msp.o
                                       0x14ef (size before relaxing)
 .debug_str     0x0000000000001832      0x599 build/stm32f7xx_hal_cortex.o
                                        0xe32 (size before relaxing)
 .debug_str     0x0000000000001dcb      0xecf build/stm32f7xx_hal_tim.o
                                       0x171f (size before relaxing)
 .debug_str     0x0000000000002c9a      0x608 build/stm32f7xx_hal_tim_ex.o
                                       0x101a (size before relaxing)
 .debug_str     0x00000000000032a2      0x23d build/stm32f7xx_hal_rcc.o
                                        0x71e (size before relaxing)
 .debug_str     0x00000000000034df      0x14c build/stm32f7xx_hal_rcc_ex.o
                                        0x720 (size before relaxing)
 .debug_str     0x000000000000362b      0x120 build/stm32f7xx_hal_gpio.o
                                        0x4e4 (size before relaxing)
 .debug_str     0x000000000000374b      0x2da build/stm32f7xx_hal_dma.o
                                        0x75d (size before relaxing)
 .debug_str     0x0000000000003a25      0x1d3 build/stm32f7xx_hal_pwr_ex.o
                                        0x633 (size before relaxing)
 .debug_str     0x0000000000003bf8      0x309 build/stm32f7xx_hal.o
                                        0xd18 (size before relaxing)
 .debug_str     0x0000000000003f01      0x76e build/stm32f7xx_hal_uart.o
                                       0x1013 (size before relaxing)
 .debug_str     0x000000000000466f       0x42 build/system_stm32f7xx.o
                                        0x43d (size before relaxing)
 .debug_str     0x00000000000046b1       0x24 build/startup_stm32f767xx.o
                                         0x51 (size before relaxing)

.comment        0x0000000000000000       0x4d
 .comment       0x0000000000000000       0x4d build/main.o
                                         0x4e (size before relaxing)
 .comment       0x000000000000004d       0x4e build/stm32f7xx_it.o
 .comment       0x000000000000004d       0x4e build/stm32f7xx_hal_msp.o
 .comment       0x000000000000004d       0x4e build/stm32f7xx_hal_cortex.o
 .comment       0x000000000000004d       0x4e build/stm32f7xx_hal_tim.o
 .comment       0x000000000000004d       0x4e build/stm32f7xx_hal_tim_ex.o
 .comment       0x000000000000004d       0x4e build/stm32f7xx_hal_rcc.o
 .comment       0x000000000000004d       0x4e build/stm32f7xx_hal_rcc_ex.o
 .comment       0x000000000000004d       0x4e build/stm32f7xx_hal_gpio.o
 .comment       0x000000000000004d       0x4e build/stm32f7xx_hal_dma.o
 .comment       0x000000000000004d       0x4e build/stm32f7xx_hal_pwr_ex.o
 .comment       0x000000000000004d       0x4e build/stm32f7xx_hal.o
 .comment       0x000000000000004d       0x4e build/stm32f7xx_hal_uart.o
 .comment       0x000000000000004d       0x4e build/system_stm32f7xx.o

.debug_frame    0x0000000000000000     0x2220
 .debug_frame   0x0000000000000000       0xb0 build/main.o
 .debug_frame   0x00000000000000b0       0xd8 build/stm32f7xx_it.o
 .debug_frame   0x0000000000000188       0x98 build/stm32f7xx_hal_msp.o
 .debug_frame   0x0000000000000220      0x148 build/stm32f7xx_hal_cortex.o
 .debug_frame   0x0000000000000368      0xb68 build/stm32f7xx_hal_tim.o
 .debug_frame   0x0000000000000ed0      0x46c build/stm32f7xx_hal_tim_ex.o
 .debug_frame   0x000000000000133c      0x178 build/stm32f7xx_hal_rcc.o
 .debug_frame   0x00000000000014b4       0xc0 build/stm32f7xx_hal_rcc_ex.o
 .debug_frame   0x0000000000001574       0xd8 build/stm32f7xx_hal_gpio.o
 .debug_frame   0x000000000000164c      0x188 build/stm32f7xx_hal_dma.o
 .debug_frame   0x00000000000017d4      0x134 build/stm32f7xx_hal_pwr_ex.o
 .debug_frame   0x0000000000001908      0x22c build/stm32f7xx_hal.o
 .debug_frame   0x0000000000001b34      0x610 build/stm32f7xx_hal_uart.o
 .debug_frame   0x0000000000002144       0x30 build/system_stm32f7xx.o
 .debug_frame   0x0000000000002174       0x2c /opt/gcc-arm-none-eabi-10-2020-q4-major/bin/../lib/gcc/arm-none-eabi/10.2.1/../../../../arm-none-eabi/lib/thumb/v7e-m+dp/hard/libc_nano.a(lib_a-init.o)
 .debug_frame   0x00000000000021a0       0x20 /opt/gcc-arm-none-eabi-10-2020-q4-major/bin/../lib/gcc/arm-none-eabi/10.2.1/../../../../arm-none-eabi/lib/thumb/v7e-m+dp/hard/libc_nano.a(lib_a-memset.o)
 .debug_frame   0x00000000000021c0       0x2c /opt/gcc-arm-none-eabi-10-2020-q4-major/bin/../lib/gcc/arm-none-eabi/10.2.1/thumb/v7e-m+dp/hard/libgcc.a(_aeabi_uldivmod.o)
 .debug_frame   0x00000000000021ec       0x34 /opt/gcc-arm-none-eabi-10-2020-q4-major/bin/../lib/gcc/arm-none-eabi/10.2.1/thumb/v7e-m+dp/hard/libgcc.a(_udivmoddi4.o)

Cross Reference Table

Symbol                                            File
ADC_IRQHandler                                    build/startup_stm32f767xx.o
AHBPrescTable                                     build/system_stm32f7xx.o
                                                  build/stm32f7xx_hal_rcc.o
APBPrescTable                                     build/system_stm32f7xx.o
                                                  build/stm32f7xx_hal_rcc.o
BusFault_Handler                                  build/stm32f7xx_it.o
CAN1_RX0_IRQHandler                               build/startup_stm32f767xx.o
CAN1_RX1_IRQHandler                               build/startup_stm32f767xx.o
CAN1_SCE_IRQHandler                               build/startup_stm32f767xx.o
CAN1_TX_IRQHandler                                build/startup_stm32f767xx.o
CAN2_RX0_IRQHandler                               build/startup_stm32f767xx.o
CAN2_RX1_IRQHandler                               build/startup_stm32f767xx.o
CAN2_SCE_IRQHandler                               build/startup_stm32f767xx.o
CAN2_TX_IRQHandler                                build/startup_stm32f767xx.o
CAN3_RX0_IRQHandler                               build/startup_stm32f767xx.o
CAN3_RX1_IRQHandler                               build/startup_stm32f767xx.o
CAN3_SCE_IRQHandler                               build/startup_stm32f767xx.o
CAN3_TX_IRQHandler                                build/startup_stm32f767xx.o
CEC_IRQHandler                                    build/startup_stm32f767xx.o
DCMI_IRQHandler                                   build/startup_stm32f767xx.o
DFSDM1_FLT0_IRQHandler                            build/startup_stm32f767xx.o
DFSDM1_FLT1_IRQHandler                            build/startup_stm32f767xx.o
DFSDM1_FLT2_IRQHandler                            build/startup_stm32f767xx.o
DFSDM1_FLT3_IRQHandler                            build/startup_stm32f767xx.o
DMA1_Stream0_IRQHandler                           build/startup_stm32f767xx.o
DMA1_Stream1_IRQHandler                           build/startup_stm32f767xx.o
DMA1_Stream2_IRQHandler                           build/startup_stm32f767xx.o
DMA1_Stream3_IRQHandler                           build/startup_stm32f767xx.o
DMA1_Stream4_IRQHandler                           build/startup_stm32f767xx.o
DMA1_Stream5_IRQHandler                           build/startup_stm32f767xx.o
DMA1_Stream6_IRQHandler                           build/startup_stm32f767xx.o
DMA1_Stream7_IRQHandler                           build/startup_stm32f767xx.o
DMA2D_IRQHandler                                  build/startup_stm32f767xx.o
DMA2_Stream0_IRQHandler                           build/startup_stm32f767xx.o
DMA2_Stream1_IRQHandler                           build/startup_stm32f767xx.o
DMA2_Stream2_IRQHandler                           build/startup_stm32f767xx.o
DMA2_Stream3_IRQHandler                           build/startup_stm32f767xx.o
DMA2_Stream4_IRQHandler                           build/startup_stm32f767xx.o
DMA2_Stream5_IRQHandler                           build/startup_stm32f767xx.o
DMA2_Stream6_IRQHandler                           build/startup_stm32f767xx.o
DMA2_Stream7_IRQHandler                           build/startup_stm32f767xx.o
DebugMon_Handler                                  build/stm32f7xx_it.o
Default_Handler                                   build/startup_stm32f767xx.o
ETH_IRQHandler                                    build/startup_stm32f767xx.o
ETH_WKUP_IRQHandler                               build/startup_stm32f767xx.o
EXTI0_IRQHandler                                  build/startup_stm32f767xx.o
EXTI15_10_IRQHandler                              build/startup_stm32f767xx.o
EXTI1_IRQHandler                                  build/startup_stm32f767xx.o
EXTI2_IRQHandler                                  build/startup_stm32f767xx.o
EXTI3_IRQHandler                                  build/startup_stm32f767xx.o
EXTI4_IRQHandler                                  build/startup_stm32f767xx.o
EXTI9_5_IRQHandler                                build/startup_stm32f767xx.o
Error_Handler                                     build/main.o
                                                  build/stm32f7xx_hal_msp.o
FLASH_Erase_Sector                                build/stm32f7xx_hal_flash_ex.o
                                                  build/stm32f7xx_hal_flash.o
FLASH_IRQHandler                                  build/startup_stm32f767xx.o
FLASH_WaitForLastOperation                        build/stm32f7xx_hal_flash.o
                                                  build/stm32f7xx_hal_flash_ex.o
FMC_IRQHandler                                    build/startup_stm32f767xx.o
FPU_IRQHandler                                    build/startup_stm32f767xx.o
HAL_DBGMCU_DisableDBGSleepMode                    build/stm32f7xx_hal.o
HAL_DBGMCU_DisableDBGStandbyMode                  build/stm32f7xx_hal.o
HAL_DBGMCU_DisableDBGStopMode                     build/stm32f7xx_hal.o
HAL_DBGMCU_EnableDBGSleepMode                     build/stm32f7xx_hal.o
HAL_DBGMCU_EnableDBGStandbyMode                   build/stm32f7xx_hal.o
HAL_DBGMCU_EnableDBGStopMode                      build/stm32f7xx_hal.o
HAL_DMAEx_ChangeMemory                            build/stm32f7xx_hal_dma_ex.o
HAL_DMAEx_MultiBufferStart                        build/stm32f7xx_hal_dma_ex.o
HAL_DMAEx_MultiBufferStart_IT                     build/stm32f7xx_hal_dma_ex.o
HAL_DMA_Abort                                     build/stm32f7xx_hal_dma.o
                                                  build/stm32f7xx_hal_uart.o
HAL_DMA_Abort_IT                                  build/stm32f7xx_hal_dma.o
                                                  build/stm32f7xx_hal_uart.o
                                                  build/stm32f7xx_hal_i2c.o
                                                  build/stm32f7xx_hal_tim_ex.o
                                                  build/stm32f7xx_hal_tim.o
HAL_DMA_DeInit                                    build/stm32f7xx_hal_dma.o
HAL_DMA_GetError                                  build/stm32f7xx_hal_dma.o
                                                  build/stm32f7xx_hal_uart.o
                                                  build/stm32f7xx_hal_i2c.o
HAL_DMA_GetState                                  build/stm32f7xx_hal_dma.o
                                                  build/stm32f7xx_hal_i2c.o
HAL_DMA_IRQHandler                                build/stm32f7xx_hal_dma.o
HAL_DMA_Init                                      build/stm32f7xx_hal_dma.o
HAL_DMA_PollForTransfer                           build/stm32f7xx_hal_dma.o
HAL_DMA_RegisterCallback                          build/stm32f7xx_hal_dma.o
HAL_DMA_Start                                     build/stm32f7xx_hal_dma.o
HAL_DMA_Start_IT                                  build/stm32f7xx_hal_dma.o
                                                  build/stm32f7xx_hal_uart.o
                                                  build/stm32f7xx_hal_i2c.o
                                                  build/stm32f7xx_hal_tim_ex.o
                                                  build/stm32f7xx_hal_tim.o
HAL_DMA_UnRegisterCallback                        build/stm32f7xx_hal_dma.o
HAL_DeInit                                        build/stm32f7xx_hal.o
HAL_Delay                                         build/stm32f7xx_hal.o
                                                  build/main.o
HAL_DisableCompensationCell                       build/stm32f7xx_hal.o
HAL_DisableFMCMemorySwapping                      build/stm32f7xx_hal.o
HAL_DisableMemorySwappingBank                     build/stm32f7xx_hal.o
HAL_EXTI_ClearConfigLine                          build/stm32f7xx_hal_exti.o
HAL_EXTI_ClearPending                             build/stm32f7xx_hal_exti.o
HAL_EXTI_GenerateSWI                              build/stm32f7xx_hal_exti.o
HAL_EXTI_GetConfigLine                            build/stm32f7xx_hal_exti.o
HAL_EXTI_GetHandle                                build/stm32f7xx_hal_exti.o
HAL_EXTI_GetPending                               build/stm32f7xx_hal_exti.o
HAL_EXTI_IRQHandler                               build/stm32f7xx_hal_exti.o
HAL_EXTI_RegisterCallback                         build/stm32f7xx_hal_exti.o
HAL_EXTI_SetConfigLine                            build/stm32f7xx_hal_exti.o
HAL_EnableCompensationCell                        build/stm32f7xx_hal.o
HAL_EnableFMCMemorySwapping                       build/stm32f7xx_hal.o
HAL_EnableMemorySwappingBank                      build/stm32f7xx_hal.o
HAL_FLASHEx_Erase                                 build/stm32f7xx_hal_flash_ex.o
HAL_FLASHEx_Erase_IT                              build/stm32f7xx_hal_flash_ex.o
HAL_FLASHEx_OBGetConfig                           build/stm32f7xx_hal_flash_ex.o
HAL_FLASHEx_OBProgram                             build/stm32f7xx_hal_flash_ex.o
HAL_FLASH_EndOfOperationCallback                  build/stm32f7xx_hal_flash.o
HAL_FLASH_GetError                                build/stm32f7xx_hal_flash.o
HAL_FLASH_IRQHandler                              build/stm32f7xx_hal_flash.o
HAL_FLASH_Lock                                    build/stm32f7xx_hal_flash.o
HAL_FLASH_OB_Launch                               build/stm32f7xx_hal_flash.o
HAL_FLASH_OB_Lock                                 build/stm32f7xx_hal_flash.o
HAL_FLASH_OB_Unlock                               build/stm32f7xx_hal_flash.o
HAL_FLASH_OperationErrorCallback                  build/stm32f7xx_hal_flash.o
HAL_FLASH_Program                                 build/stm32f7xx_hal_flash.o
HAL_FLASH_Program_IT                              build/stm32f7xx_hal_flash.o
HAL_FLASH_Unlock                                  build/stm32f7xx_hal_flash.o
HAL_GPIO_DeInit                                   build/stm32f7xx_hal_gpio.o
                                                  build/stm32f7xx_hal_msp.o
HAL_GPIO_EXTI_Callback                            build/stm32f7xx_hal_gpio.o
HAL_GPIO_EXTI_IRQHandler                          build/stm32f7xx_hal_gpio.o
HAL_GPIO_Init                                     build/stm32f7xx_hal_gpio.o
                                                  build/stm32f7xx_hal_rcc.o
                                                  build/stm32f7xx_hal_msp.o
                                                  build/main.o
HAL_GPIO_LockPin                                  build/stm32f7xx_hal_gpio.o
HAL_GPIO_ReadPin                                  build/stm32f7xx_hal_gpio.o
HAL_GPIO_TogglePin                                build/stm32f7xx_hal_gpio.o
HAL_GPIO_WritePin                                 build/stm32f7xx_hal_gpio.o
                                                  build/main.o
HAL_GetDEVID                                      build/stm32f7xx_hal.o
HAL_GetHalVersion                                 build/stm32f7xx_hal.o
HAL_GetREVID                                      build/stm32f7xx_hal.o
HAL_GetTick                                       build/stm32f7xx_hal.o
                                                  build/stm32f7xx_hal_uart_ex.o
                                                  build/stm32f7xx_hal_uart.o
                                                  build/stm32f7xx_hal_i2c.o
                                                  build/stm32f7xx_hal_pwr_ex.o
                                                  build/stm32f7xx_hal_dma.o
                                                  build/stm32f7xx_hal_flash.o
                                                  build/stm32f7xx_hal_rcc_ex.o
                                                  build/stm32f7xx_hal_rcc.o
HAL_GetTickFreq                                   build/stm32f7xx_hal.o
HAL_GetTickPrio                                   build/stm32f7xx_hal.o
HAL_GetUIDw0                                      build/stm32f7xx_hal.o
HAL_GetUIDw1                                      build/stm32f7xx_hal.o
HAL_GetUIDw2                                      build/stm32f7xx_hal.o
HAL_HalfDuplex_EnableReceiver                     build/stm32f7xx_hal_uart.o
HAL_HalfDuplex_EnableTransmitter                  build/stm32f7xx_hal_uart.o
HAL_HalfDuplex_Init                               build/stm32f7xx_hal_uart.o
HAL_I2CEx_ConfigAnalogFilter                      build/stm32f7xx_hal_i2c_ex.o
HAL_I2CEx_ConfigDigitalFilter                     build/stm32f7xx_hal_i2c_ex.o
HAL_I2CEx_DisableFastModePlus                     build/stm32f7xx_hal_i2c_ex.o
HAL_I2CEx_EnableFastModePlus                      build/stm32f7xx_hal_i2c_ex.o
HAL_I2C_AbortCpltCallback                         build/stm32f7xx_hal_i2c.o
HAL_I2C_AddrCallback                              build/stm32f7xx_hal_i2c.o
HAL_I2C_DeInit                                    build/stm32f7xx_hal_i2c.o
HAL_I2C_DisableListen_IT                          build/stm32f7xx_hal_i2c.o
HAL_I2C_ER_IRQHandler                             build/stm32f7xx_hal_i2c.o
HAL_I2C_EV_IRQHandler                             build/stm32f7xx_hal_i2c.o
HAL_I2C_EnableListen_IT                           build/stm32f7xx_hal_i2c.o
HAL_I2C_ErrorCallback                             build/stm32f7xx_hal_i2c.o
HAL_I2C_GetError                                  build/stm32f7xx_hal_i2c.o
HAL_I2C_GetMode                                   build/stm32f7xx_hal_i2c.o
HAL_I2C_GetState                                  build/stm32f7xx_hal_i2c.o
HAL_I2C_Init                                      build/stm32f7xx_hal_i2c.o
HAL_I2C_IsDeviceReady                             build/stm32f7xx_hal_i2c.o
HAL_I2C_ListenCpltCallback                        build/stm32f7xx_hal_i2c.o
HAL_I2C_MasterRxCpltCallback                      build/stm32f7xx_hal_i2c.o
HAL_I2C_MasterTxCpltCallback                      build/stm32f7xx_hal_i2c.o
HAL_I2C_Master_Abort_IT                           build/stm32f7xx_hal_i2c.o
HAL_I2C_Master_Receive                            build/stm32f7xx_hal_i2c.o
HAL_I2C_Master_Receive_DMA                        build/stm32f7xx_hal_i2c.o
HAL_I2C_Master_Receive_IT                         build/stm32f7xx_hal_i2c.o
HAL_I2C_Master_Seq_Receive_DMA                    build/stm32f7xx_hal_i2c.o
HAL_I2C_Master_Seq_Receive_IT                     build/stm32f7xx_hal_i2c.o
HAL_I2C_Master_Seq_Transmit_DMA                   build/stm32f7xx_hal_i2c.o
HAL_I2C_Master_Seq_Transmit_IT                    build/stm32f7xx_hal_i2c.o
HAL_I2C_Master_Transmit                           build/stm32f7xx_hal_i2c.o
HAL_I2C_Master_Transmit_DMA                       build/stm32f7xx_hal_i2c.o
HAL_I2C_Master_Transmit_IT                        build/stm32f7xx_hal_i2c.o
HAL_I2C_MemRxCpltCallback                         build/stm32f7xx_hal_i2c.o
HAL_I2C_MemTxCpltCallback                         build/stm32f7xx_hal_i2c.o
HAL_I2C_Mem_Read                                  build/stm32f7xx_hal_i2c.o
HAL_I2C_Mem_Read_DMA                              build/stm32f7xx_hal_i2c.o
HAL_I2C_Mem_Read_IT                               build/stm32f7xx_hal_i2c.o
HAL_I2C_Mem_Write                                 build/stm32f7xx_hal_i2c.o
HAL_I2C_Mem_Write_DMA                             build/stm32f7xx_hal_i2c.o
HAL_I2C_Mem_Write_IT                              build/stm32f7xx_hal_i2c.o
HAL_I2C_MspDeInit                                 build/stm32f7xx_hal_i2c.o
HAL_I2C_MspInit                                   build/stm32f7xx_hal_i2c.o
HAL_I2C_SlaveRxCpltCallback                       build/stm32f7xx_hal_i2c.o
HAL_I2C_SlaveTxCpltCallback                       build/stm32f7xx_hal_i2c.o
HAL_I2C_Slave_Receive                             build/stm32f7xx_hal_i2c.o
HAL_I2C_Slave_Receive_DMA                         build/stm32f7xx_hal_i2c.o
HAL_I2C_Slave_Receive_IT                          build/stm32f7xx_hal_i2c.o
HAL_I2C_Slave_Seq_Receive_DMA                     build/stm32f7xx_hal_i2c.o
HAL_I2C_Slave_Seq_Receive_IT                      build/stm32f7xx_hal_i2c.o
HAL_I2C_Slave_Seq_Transmit_DMA                    build/stm32f7xx_hal_i2c.o
HAL_I2C_Slave_Seq_Transmit_IT                     build/stm32f7xx_hal_i2c.o
HAL_I2C_Slave_Transmit                            build/stm32f7xx_hal_i2c.o
HAL_I2C_Slave_Transmit_DMA                        build/stm32f7xx_hal_i2c.o
HAL_I2C_Slave_Transmit_IT                         build/stm32f7xx_hal_i2c.o
HAL_IncTick                                       build/stm32f7xx_hal.o
                                                  build/stm32f7xx_it.o
HAL_Init                                          build/stm32f7xx_hal.o
                                                  build/main.o
HAL_InitTick                                      build/stm32f7xx_hal.o
                                                  build/stm32f7xx_hal_rcc.o
HAL_LIN_Init                                      build/stm32f7xx_hal_uart.o
HAL_LIN_SendBreak                                 build/stm32f7xx_hal_uart.o
HAL_MPU_ConfigRegion                              build/stm32f7xx_hal_cortex.o
HAL_MPU_Disable                                   build/stm32f7xx_hal_cortex.o
HAL_MPU_Enable                                    build/stm32f7xx_hal_cortex.o
HAL_MspDeInit                                     build/stm32f7xx_hal.o
HAL_MspInit                                       build/stm32f7xx_hal_msp.o
HAL_MultiProcessorEx_AddressLength_Set            build/stm32f7xx_hal_uart_ex.o
HAL_MultiProcessor_DisableMuteMode                build/stm32f7xx_hal_uart.o
HAL_MultiProcessor_EnableMuteMode                 build/stm32f7xx_hal_uart.o
HAL_MultiProcessor_EnterMuteMode                  build/stm32f7xx_hal_uart.o
HAL_MultiProcessor_Init                           build/stm32f7xx_hal_uart.o
HAL_NVIC_ClearPendingIRQ                          build/stm32f7xx_hal_cortex.o
HAL_NVIC_DisableIRQ                               build/stm32f7xx_hal_cortex.o
                                                  build/stm32f7xx_hal_msp.o
HAL_NVIC_EnableIRQ                                build/stm32f7xx_hal_cortex.o
                                                  build/stm32f7xx_hal_msp.o
HAL_NVIC_GetActive                                build/stm32f7xx_hal_cortex.o
HAL_NVIC_GetPendingIRQ                            build/stm32f7xx_hal_cortex.o
HAL_NVIC_GetPriority                              build/stm32f7xx_hal_cortex.o
HAL_NVIC_GetPriorityGrouping                      build/stm32f7xx_hal_cortex.o
HAL_NVIC_SetPendingIRQ                            build/stm32f7xx_hal_cortex.o
HAL_NVIC_SetPriority                              build/stm32f7xx_hal_cortex.o
                                                  build/stm32f7xx_hal.o
                                                  build/stm32f7xx_hal_msp.o
HAL_NVIC_SetPriorityGrouping                      build/stm32f7xx_hal_cortex.o
                                                  build/stm32f7xx_hal.o
HAL_NVIC_SystemReset                              build/stm32f7xx_hal_cortex.o
HAL_PWREx_ControlVoltageScaling                   build/stm32f7xx_hal_pwr_ex.o
HAL_PWREx_DisableBkUpReg                          build/stm32f7xx_hal_pwr_ex.o
HAL_PWREx_DisableFlashPowerDown                   build/stm32f7xx_hal_pwr_ex.o
HAL_PWREx_DisableLowRegulatorLowVoltage           build/stm32f7xx_hal_pwr_ex.o
HAL_PWREx_DisableMainRegulatorLowVoltage          build/stm32f7xx_hal_pwr_ex.o
HAL_PWREx_DisableOverDrive                        build/stm32f7xx_hal_pwr_ex.o
HAL_PWREx_EnableBkUpReg                           build/stm32f7xx_hal_pwr_ex.o
HAL_PWREx_EnableFlashPowerDown                    build/stm32f7xx_hal_pwr_ex.o
HAL_PWREx_EnableLowRegulatorLowVoltage            build/stm32f7xx_hal_pwr_ex.o
HAL_PWREx_EnableMainRegulatorLowVoltage           build/stm32f7xx_hal_pwr_ex.o
HAL_PWREx_EnableOverDrive                         build/stm32f7xx_hal_pwr_ex.o
                                                  build/main.o
HAL_PWREx_EnterUnderDriveSTOPMode                 build/stm32f7xx_hal_pwr_ex.o
HAL_PWREx_GetVoltageRange                         build/stm32f7xx_hal_pwr_ex.o
HAL_PWR_ConfigPVD                                 build/stm32f7xx_hal_pwr.o
HAL_PWR_DeInit                                    build/stm32f7xx_hal_pwr.o
HAL_PWR_DisableBkUpAccess                         build/stm32f7xx_hal_pwr.o
HAL_PWR_DisablePVD                                build/stm32f7xx_hal_pwr.o
HAL_PWR_DisableSEVOnPend                          build/stm32f7xx_hal_pwr.o
HAL_PWR_DisableSleepOnExit                        build/stm32f7xx_hal_pwr.o
HAL_PWR_DisableWakeUpPin                          build/stm32f7xx_hal_pwr.o
HAL_PWR_EnableBkUpAccess                          build/stm32f7xx_hal_pwr.o
HAL_PWR_EnablePVD                                 build/stm32f7xx_hal_pwr.o
HAL_PWR_EnableSEVOnPend                           build/stm32f7xx_hal_pwr.o
HAL_PWR_EnableSleepOnExit                         build/stm32f7xx_hal_pwr.o
HAL_PWR_EnableWakeUpPin                           build/stm32f7xx_hal_pwr.o
HAL_PWR_EnterSLEEPMode                            build/stm32f7xx_hal_pwr.o
HAL_PWR_EnterSTANDBYMode                          build/stm32f7xx_hal_pwr.o
HAL_PWR_EnterSTOPMode                             build/stm32f7xx_hal_pwr.o
HAL_PWR_PVDCallback                               build/stm32f7xx_hal_pwr.o
HAL_PWR_PVD_IRQHandler                            build/stm32f7xx_hal_pwr.o
HAL_RCCEx_DisablePLLI2S                           build/stm32f7xx_hal_rcc_ex.o
HAL_RCCEx_DisablePLLSAI                           build/stm32f7xx_hal_rcc_ex.o
HAL_RCCEx_EnablePLLI2S                            build/stm32f7xx_hal_rcc_ex.o
HAL_RCCEx_EnablePLLSAI                            build/stm32f7xx_hal_rcc_ex.o
HAL_RCCEx_GetPeriphCLKConfig                      build/stm32f7xx_hal_rcc_ex.o
HAL_RCCEx_GetPeriphCLKFreq                        build/stm32f7xx_hal_rcc_ex.o
HAL_RCCEx_PeriphCLKConfig                         build/stm32f7xx_hal_rcc_ex.o
                                                  build/stm32f7xx_hal_msp.o
HAL_RCC_CSSCallback                               build/stm32f7xx_hal_rcc.o
HAL_RCC_ClockConfig                               build/stm32f7xx_hal_rcc.o
                                                  build/main.o
HAL_RCC_DeInit                                    build/stm32f7xx_hal_rcc.o
HAL_RCC_DisableCSS                                build/stm32f7xx_hal_rcc.o
HAL_RCC_EnableCSS                                 build/stm32f7xx_hal_rcc.o
HAL_RCC_GetClockConfig                            build/stm32f7xx_hal_rcc.o
HAL_RCC_GetHCLKFreq                               build/stm32f7xx_hal_rcc.o
HAL_RCC_GetOscConfig                              build/stm32f7xx_hal_rcc.o
HAL_RCC_GetPCLK1Freq                              build/stm32f7xx_hal_rcc.o
                                                  build/stm32f7xx_hal_uart.o
HAL_RCC_GetPCLK2Freq                              build/stm32f7xx_hal_rcc.o
                                                  build/stm32f7xx_hal_uart.o
HAL_RCC_GetSysClockFreq                           build/stm32f7xx_hal_rcc.o
                                                  build/stm32f7xx_hal_uart.o
HAL_RCC_MCOConfig                                 build/stm32f7xx_hal_rcc.o
HAL_RCC_NMI_IRQHandler                            build/stm32f7xx_hal_rcc.o
HAL_RCC_OscConfig                                 build/stm32f7xx_hal_rcc.o
                                                  build/main.o
HAL_RS485Ex_Init                                  build/stm32f7xx_hal_uart_ex.o
HAL_ResumeTick                                    build/stm32f7xx_hal.o
HAL_SYSTICK_CLKSourceConfig                       build/stm32f7xx_hal_cortex.o
HAL_SYSTICK_Callback                              build/stm32f7xx_hal_cortex.o
HAL_SYSTICK_Config                                build/stm32f7xx_hal_cortex.o
                                                  build/stm32f7xx_hal.o
HAL_SYSTICK_IRQHandler                            build/stm32f7xx_hal_cortex.o
HAL_SetTickFreq                                   build/stm32f7xx_hal.o
HAL_SuspendTick                                   build/stm32f7xx_hal.o
HAL_TIMEx_Break2Callback                          build/stm32f7xx_hal_tim_ex.o
                                                  build/stm32f7xx_hal_tim.o
HAL_TIMEx_BreakCallback                           build/stm32f7xx_hal_tim_ex.o
                                                  build/stm32f7xx_hal_tim.o
HAL_TIMEx_CommutCallback                          build/stm32f7xx_hal_tim_ex.o
                                                  build/stm32f7xx_hal_tim.o
HAL_TIMEx_CommutHalfCpltCallback                  build/stm32f7xx_hal_tim_ex.o
HAL_TIMEx_ConfigBreakDeadTime                     build/stm32f7xx_hal_tim_ex.o
HAL_TIMEx_ConfigBreakInput                        build/stm32f7xx_hal_tim_ex.o
HAL_TIMEx_ConfigCommutEvent                       build/stm32f7xx_hal_tim_ex.o
HAL_TIMEx_ConfigCommutEvent_DMA                   build/stm32f7xx_hal_tim_ex.o
HAL_TIMEx_ConfigCommutEvent_IT                    build/stm32f7xx_hal_tim_ex.o
HAL_TIMEx_GetChannelNState                        build/stm32f7xx_hal_tim_ex.o
HAL_TIMEx_GroupChannel5                           build/stm32f7xx_hal_tim_ex.o
HAL_TIMEx_HallSensor_DeInit                       build/stm32f7xx_hal_tim_ex.o
HAL_TIMEx_HallSensor_GetState                     build/stm32f7xx_hal_tim_ex.o
HAL_TIMEx_HallSensor_Init                         build/stm32f7xx_hal_tim_ex.o
HAL_TIMEx_HallSensor_MspDeInit                    build/stm32f7xx_hal_tim_ex.o
HAL_TIMEx_HallSensor_MspInit                      build/stm32f7xx_hal_tim_ex.o
HAL_TIMEx_HallSensor_Start                        build/stm32f7xx_hal_tim_ex.o
HAL_TIMEx_HallSensor_Start_DMA                    build/stm32f7xx_hal_tim_ex.o
HAL_TIMEx_HallSensor_Start_IT                     build/stm32f7xx_hal_tim_ex.o
HAL_TIMEx_HallSensor_Stop                         build/stm32f7xx_hal_tim_ex.o
HAL_TIMEx_HallSensor_Stop_DMA                     build/stm32f7xx_hal_tim_ex.o
HAL_TIMEx_HallSensor_Stop_IT                      build/stm32f7xx_hal_tim_ex.o
HAL_TIMEx_MasterConfigSynchronization             build/stm32f7xx_hal_tim_ex.o
                                                  build/main.o
HAL_TIMEx_OCN_Start                               build/stm32f7xx_hal_tim_ex.o
HAL_TIMEx_OCN_Start_DMA                           build/stm32f7xx_hal_tim_ex.o
HAL_TIMEx_OCN_Start_IT                            build/stm32f7xx_hal_tim_ex.o
HAL_TIMEx_OCN_Stop                                build/stm32f7xx_hal_tim_ex.o
HAL_TIMEx_OCN_Stop_DMA                            build/stm32f7xx_hal_tim_ex.o
HAL_TIMEx_OCN_Stop_IT                             build/stm32f7xx_hal_tim_ex.o
HAL_TIMEx_OnePulseN_Start                         build/stm32f7xx_hal_tim_ex.o
HAL_TIMEx_OnePulseN_Start_IT                      build/stm32f7xx_hal_tim_ex.o
HAL_TIMEx_OnePulseN_Stop                          build/stm32f7xx_hal_tim_ex.o
HAL_TIMEx_OnePulseN_Stop_IT                       build/stm32f7xx_hal_tim_ex.o
HAL_TIMEx_PWMN_Start                              build/stm32f7xx_hal_tim_ex.o
HAL_TIMEx_PWMN_Start_DMA                          build/stm32f7xx_hal_tim_ex.o
HAL_TIMEx_PWMN_Start_IT                           build/stm32f7xx_hal_tim_ex.o
HAL_TIMEx_PWMN_Stop                               build/stm32f7xx_hal_tim_ex.o
HAL_TIMEx_PWMN_Stop_DMA                           build/stm32f7xx_hal_tim_ex.o
HAL_TIMEx_PWMN_Stop_IT                            build/stm32f7xx_hal_tim_ex.o
HAL_TIMEx_RemapConfig                             build/stm32f7xx_hal_tim_ex.o
HAL_TIM_Base_DeInit                               build/stm32f7xx_hal_tim.o
HAL_TIM_Base_GetState                             build/stm32f7xx_hal_tim.o
HAL_TIM_Base_Init                                 build/stm32f7xx_hal_tim.o
                                                  build/main.o
HAL_TIM_Base_MspDeInit                            build/stm32f7xx_hal_msp.o
HAL_TIM_Base_MspInit                              build/stm32f7xx_hal_msp.o
HAL_TIM_Base_Start                                build/stm32f7xx_hal_tim.o
HAL_TIM_Base_Start_DMA                            build/stm32f7xx_hal_tim.o
HAL_TIM_Base_Start_IT                             build/stm32f7xx_hal_tim.o
HAL_TIM_Base_Stop                                 build/stm32f7xx_hal_tim.o
HAL_TIM_Base_Stop_DMA                             build/stm32f7xx_hal_tim.o
HAL_TIM_Base_Stop_IT                              build/stm32f7xx_hal_tim.o
HAL_TIM_ConfigClockSource                         build/stm32f7xx_hal_tim.o
                                                  build/main.o
HAL_TIM_ConfigOCrefClear                          build/stm32f7xx_hal_tim.o
HAL_TIM_ConfigTI1Input                            build/stm32f7xx_hal_tim.o
HAL_TIM_DMABurstState                             build/stm32f7xx_hal_tim.o
HAL_TIM_DMABurst_MultiReadStart                   build/stm32f7xx_hal_tim.o
HAL_TIM_DMABurst_MultiWriteStart                  build/stm32f7xx_hal_tim.o
HAL_TIM_DMABurst_ReadStart                        build/stm32f7xx_hal_tim.o
HAL_TIM_DMABurst_ReadStop                         build/stm32f7xx_hal_tim.o
HAL_TIM_DMABurst_WriteStart                       build/stm32f7xx_hal_tim.o
HAL_TIM_DMABurst_WriteStop                        build/stm32f7xx_hal_tim.o
HAL_TIM_Encoder_DeInit                            build/stm32f7xx_hal_tim.o
HAL_TIM_Encoder_GetState                          build/stm32f7xx_hal_tim.o
HAL_TIM_Encoder_Init                              build/stm32f7xx_hal_tim.o
HAL_TIM_Encoder_MspDeInit                         build/stm32f7xx_hal_tim.o
HAL_TIM_Encoder_MspInit                           build/stm32f7xx_hal_tim.o
HAL_TIM_Encoder_Start                             build/stm32f7xx_hal_tim.o
HAL_TIM_Encoder_Start_DMA                         build/stm32f7xx_hal_tim.o
HAL_TIM_Encoder_Start_IT                          build/stm32f7xx_hal_tim.o
HAL_TIM_Encoder_Stop                              build/stm32f7xx_hal_tim.o
HAL_TIM_Encoder_Stop_DMA                          build/stm32f7xx_hal_tim.o
HAL_TIM_Encoder_Stop_IT                           build/stm32f7xx_hal_tim.o
HAL_TIM_ErrorCallback                             build/stm32f7xx_hal_tim.o
                                                  build/stm32f7xx_hal_tim_ex.o
HAL_TIM_GenerateEvent                             build/stm32f7xx_hal_tim.o
HAL_TIM_GetActiveChannel                          build/stm32f7xx_hal_tim.o
HAL_TIM_GetChannelState                           build/stm32f7xx_hal_tim.o
HAL_TIM_IC_CaptureCallback                        build/stm32f7xx_hal_tim.o
HAL_TIM_IC_CaptureHalfCpltCallback                build/stm32f7xx_hal_tim.o
HAL_TIM_IC_ConfigChannel                          build/stm32f7xx_hal_tim.o
HAL_TIM_IC_DeInit                                 build/stm32f7xx_hal_tim.o
HAL_TIM_IC_GetState                               build/stm32f7xx_hal_tim.o
HAL_TIM_IC_Init                                   build/stm32f7xx_hal_tim.o
HAL_TIM_IC_MspDeInit                              build/stm32f7xx_hal_tim.o
HAL_TIM_IC_MspInit                                build/stm32f7xx_hal_tim.o
HAL_TIM_IC_Start                                  build/stm32f7xx_hal_tim.o
HAL_TIM_IC_Start_DMA                              build/stm32f7xx_hal_tim.o
HAL_TIM_IC_Start_IT                               build/stm32f7xx_hal_tim.o
HAL_TIM_IC_Stop                                   build/stm32f7xx_hal_tim.o
HAL_TIM_IC_Stop_DMA                               build/stm32f7xx_hal_tim.o
HAL_TIM_IC_Stop_IT                                build/stm32f7xx_hal_tim.o
HAL_TIM_IRQHandler                                build/stm32f7xx_hal_tim.o
                                                  build/stm32f7xx_it.o
HAL_TIM_OC_ConfigChannel                          build/stm32f7xx_hal_tim.o
HAL_TIM_OC_DeInit                                 build/stm32f7xx_hal_tim.o
HAL_TIM_OC_DelayElapsedCallback                   build/stm32f7xx_hal_tim.o
HAL_TIM_OC_GetState                               build/stm32f7xx_hal_tim.o
HAL_TIM_OC_Init                                   build/stm32f7xx_hal_tim.o
HAL_TIM_OC_MspDeInit                              build/stm32f7xx_hal_tim.o
HAL_TIM_OC_MspInit                                build/stm32f7xx_hal_tim.o
HAL_TIM_OC_Start                                  build/stm32f7xx_hal_tim.o
HAL_TIM_OC_Start_DMA                              build/stm32f7xx_hal_tim.o
HAL_TIM_OC_Start_IT                               build/stm32f7xx_hal_tim.o
HAL_TIM_OC_Stop                                   build/stm32f7xx_hal_tim.o
HAL_TIM_OC_Stop_DMA                               build/stm32f7xx_hal_tim.o
HAL_TIM_OC_Stop_IT                                build/stm32f7xx_hal_tim.o
HAL_TIM_OnePulse_ConfigChannel                    build/stm32f7xx_hal_tim.o
HAL_TIM_OnePulse_DeInit                           build/stm32f7xx_hal_tim.o
HAL_TIM_OnePulse_GetState                         build/stm32f7xx_hal_tim.o
HAL_TIM_OnePulse_Init                             build/stm32f7xx_hal_tim.o
HAL_TIM_OnePulse_MspDeInit                        build/stm32f7xx_hal_tim.o
HAL_TIM_OnePulse_MspInit                          build/stm32f7xx_hal_tim.o
HAL_TIM_OnePulse_Start                            build/stm32f7xx_hal_tim.o
HAL_TIM_OnePulse_Start_IT                         build/stm32f7xx_hal_tim.o
HAL_TIM_OnePulse_Stop                             build/stm32f7xx_hal_tim.o
HAL_TIM_OnePulse_Stop_IT                          build/stm32f7xx_hal_tim.o
HAL_TIM_PWM_ConfigChannel                         build/stm32f7xx_hal_tim.o
HAL_TIM_PWM_DeInit                                build/stm32f7xx_hal_tim.o
HAL_TIM_PWM_GetState                              build/stm32f7xx_hal_tim.o
HAL_TIM_PWM_Init                                  build/stm32f7xx_hal_tim.o
HAL_TIM_PWM_MspDeInit                             build/stm32f7xx_hal_tim.o
HAL_TIM_PWM_MspInit                               build/stm32f7xx_hal_tim.o
HAL_TIM_PWM_PulseFinishedCallback                 build/stm32f7xx_hal_tim.o
                                                  build/stm32f7xx_hal_tim_ex.o
HAL_TIM_PWM_PulseFinishedHalfCpltCallback         build/stm32f7xx_hal_tim.o
HAL_TIM_PWM_Start                                 build/stm32f7xx_hal_tim.o
HAL_TIM_PWM_Start_DMA                             build/stm32f7xx_hal_tim.o
HAL_TIM_PWM_Start_IT                              build/stm32f7xx_hal_tim.o
HAL_TIM_PWM_Stop                                  build/stm32f7xx_hal_tim.o
HAL_TIM_PWM_Stop_DMA                              build/stm32f7xx_hal_tim.o
HAL_TIM_PWM_Stop_IT                               build/stm32f7xx_hal_tim.o
HAL_TIM_PeriodElapsedCallback                     build/stm32f7xx_hal_tim.o
HAL_TIM_PeriodElapsedHalfCpltCallback             build/stm32f7xx_hal_tim.o
HAL_TIM_ReadCapturedValue                         build/stm32f7xx_hal_tim.o
HAL_TIM_SlaveConfigSynchro                        build/stm32f7xx_hal_tim.o
HAL_TIM_SlaveConfigSynchro_IT                     build/stm32f7xx_hal_tim.o
HAL_TIM_TriggerCallback                           build/stm32f7xx_hal_tim.o
HAL_TIM_TriggerHalfCpltCallback                   build/stm32f7xx_hal_tim.o
HAL_UARTEx_DisableClockStopMode                   build/stm32f7xx_hal_uart_ex.o
HAL_UARTEx_DisableStopMode                        build/stm32f7xx_hal_uart_ex.o
HAL_UARTEx_EnableClockStopMode                    build/stm32f7xx_hal_uart_ex.o
HAL_UARTEx_EnableStopMode                         build/stm32f7xx_hal_uart_ex.o
HAL_UARTEx_GetRxEventType                         build/stm32f7xx_hal_uart_ex.o
HAL_UARTEx_ReceiveToIdle                          build/stm32f7xx_hal_uart_ex.o
HAL_UARTEx_ReceiveToIdle_DMA                      build/stm32f7xx_hal_uart_ex.o
HAL_UARTEx_ReceiveToIdle_IT                       build/stm32f7xx_hal_uart_ex.o
HAL_UARTEx_RxEventCallback                        build/stm32f7xx_hal_uart.o
HAL_UARTEx_StopModeWakeUpSourceConfig             build/stm32f7xx_hal_uart_ex.o
HAL_UARTEx_WakeupCallback                         build/stm32f7xx_hal_uart.o
HAL_UART_Abort                                    build/stm32f7xx_hal_uart.o
HAL_UART_AbortCpltCallback                        build/stm32f7xx_hal_uart.o
HAL_UART_AbortReceive                             build/stm32f7xx_hal_uart.o
HAL_UART_AbortReceiveCpltCallback                 build/stm32f7xx_hal_uart.o
HAL_UART_AbortReceive_IT                          build/stm32f7xx_hal_uart.o
HAL_UART_AbortTransmit                            build/stm32f7xx_hal_uart.o
HAL_UART_AbortTransmitCpltCallback                build/stm32f7xx_hal_uart.o
HAL_UART_AbortTransmit_IT                         build/stm32f7xx_hal_uart.o
HAL_UART_Abort_IT                                 build/stm32f7xx_hal_uart.o
HAL_UART_DMAPause                                 build/stm32f7xx_hal_uart.o
HAL_UART_DMAResume                                build/stm32f7xx_hal_uart.o
HAL_UART_DMAStop                                  build/stm32f7xx_hal_uart.o
HAL_UART_DeInit                                   build/stm32f7xx_hal_uart.o
HAL_UART_DisableReceiverTimeout                   build/stm32f7xx_hal_uart.o
HAL_UART_EnableReceiverTimeout                    build/stm32f7xx_hal_uart.o
HAL_UART_ErrorCallback                            build/stm32f7xx_hal_uart.o
HAL_UART_GetError                                 build/stm32f7xx_hal_uart.o
HAL_UART_GetState                                 build/stm32f7xx_hal_uart.o
HAL_UART_IRQHandler                               build/stm32f7xx_hal_uart.o
                                                  build/stm32f7xx_it.o
HAL_UART_Init                                     build/stm32f7xx_hal_uart.o
                                                  build/main.o
HAL_UART_MspDeInit                                build/stm32f7xx_hal_msp.o
HAL_UART_MspInit                                  build/stm32f7xx_hal_msp.o
                                                  build/stm32f7xx_hal_uart_ex.o
HAL_UART_Receive                                  build/stm32f7xx_hal_uart.o
HAL_UART_Receive_DMA                              build/stm32f7xx_hal_uart.o
HAL_UART_Receive_IT                               build/stm32f7xx_hal_uart.o
HAL_UART_ReceiverTimeout_Config                   build/stm32f7xx_hal_uart.o
HAL_UART_RxCpltCallback                           build/stm32f7xx_hal_uart.o
HAL_UART_RxHalfCpltCallback                       build/stm32f7xx_hal_uart.o
HAL_UART_Transmit                                 build/stm32f7xx_hal_uart.o
HAL_UART_Transmit_DMA                             build/stm32f7xx_hal_uart.o
HAL_UART_Transmit_IT                              build/stm32f7xx_hal_uart.o
HAL_UART_TxCpltCallback                           build/stm32f7xx_hal_uart.o
HAL_UART_TxHalfCpltCallback                       build/stm32f7xx_hal_uart.o
HardFault_Handler                                 build/stm32f7xx_it.o
I2C1_ER_IRQHandler                                build/startup_stm32f767xx.o
I2C1_EV_IRQHandler                                build/startup_stm32f767xx.o
I2C2_ER_IRQHandler                                build/startup_stm32f767xx.o
I2C2_EV_IRQHandler                                build/startup_stm32f767xx.o
I2C3_ER_IRQHandler                                build/startup_stm32f767xx.o
I2C3_EV_IRQHandler                                build/startup_stm32f767xx.o
I2C4_ER_IRQHandler                                build/startup_stm32f767xx.o
I2C4_EV_IRQHandler                                build/startup_stm32f767xx.o
JPEG_IRQHandler                                   build/startup_stm32f767xx.o
LPTIM1_IRQHandler                                 build/startup_stm32f767xx.o
LTDC_ER_IRQHandler                                build/startup_stm32f767xx.o
LTDC_IRQHandler                                   build/startup_stm32f767xx.o
MDIOS_IRQHandler                                  build/startup_stm32f767xx.o
MemManage_Handler                                 build/stm32f7xx_it.o
NMI_Handler                                       build/stm32f7xx_it.o
OTG_FS_IRQHandler                                 build/startup_stm32f767xx.o
OTG_FS_WKUP_IRQHandler                            build/startup_stm32f767xx.o
OTG_HS_EP1_IN_IRQHandler                          build/startup_stm32f767xx.o
OTG_HS_EP1_OUT_IRQHandler                         build/startup_stm32f767xx.o
OTG_HS_IRQHandler                                 build/startup_stm32f767xx.o
OTG_HS_WKUP_IRQHandler                            build/startup_stm32f767xx.o
PVD_IRQHandler                                    build/startup_stm32f767xx.o
PendSV_Handler                                    build/stm32f7xx_it.o
QUADSPI_IRQHandler                                build/startup_stm32f767xx.o
RCC_IRQHandler                                    build/startup_stm32f767xx.o
RNG_IRQHandler                                    build/startup_stm32f767xx.o
RTC_Alarm_IRQHandler                              build/startup_stm32f767xx.o
RTC_WKUP_IRQHandler                               build/startup_stm32f767xx.o
Reset_Handler                                     build/startup_stm32f767xx.o
SAI1_IRQHandler                                   build/startup_stm32f767xx.o
SAI2_IRQHandler                                   build/startup_stm32f767xx.o
SDMMC1_IRQHandler                                 build/startup_stm32f767xx.o
SDMMC2_IRQHandler                                 build/startup_stm32f767xx.o
SPDIF_RX_IRQHandler                               build/startup_stm32f767xx.o
SPI1_IRQHandler                                   build/startup_stm32f767xx.o
SPI2_IRQHandler                                   build/startup_stm32f767xx.o
SPI3_IRQHandler                                   build/startup_stm32f767xx.o
SPI4_IRQHandler                                   build/startup_stm32f767xx.o
SPI5_IRQHandler                                   build/startup_stm32f767xx.o
SPI6_IRQHandler                                   build/startup_stm32f767xx.o
SVC_Handler                                       build/stm32f7xx_it.o
SysTick_Handler                                   build/stm32f7xx_it.o
SystemClock_Config                                build/main.o
SystemCoreClock                                   build/system_stm32f7xx.o
                                                  build/stm32f7xx_hal.o
                                                  build/stm32f7xx_hal_dma.o
                                                  build/stm32f7xx_hal_rcc.o
SystemCoreClockUpdate                             build/system_stm32f7xx.o
SystemInit                                        build/system_stm32f7xx.o
                                                  build/startup_stm32f767xx.o
TAMP_STAMP_IRQHandler                             build/startup_stm32f767xx.o
TIM1_BRK_TIM9_IRQHandler                          build/stm32f7xx_it.o
TIM1_CC_IRQHandler                                build/startup_stm32f767xx.o
TIM1_TRG_COM_TIM11_IRQHandler                     build/startup_stm32f767xx.o
TIM1_UP_TIM10_IRQHandler                          build/startup_stm32f767xx.o
TIM2_IRQHandler                                   build/startup_stm32f767xx.o
TIM3_IRQHandler                                   build/startup_stm32f767xx.o
TIM4_IRQHandler                                   build/startup_stm32f767xx.o
TIM5_IRQHandler                                   build/startup_stm32f767xx.o
TIM6_DAC_IRQHandler                               build/startup_stm32f767xx.o
TIM7_IRQHandler                                   build/startup_stm32f767xx.o
TIM8_BRK_TIM12_IRQHandler                         build/startup_stm32f767xx.o
TIM8_CC_IRQHandler                                build/startup_stm32f767xx.o
TIM8_TRG_COM_TIM14_IRQHandler                     build/startup_stm32f767xx.o
TIM8_UP_TIM13_IRQHandler                          build/startup_stm32f767xx.o
TIMEx_DMACommutationCplt                          build/stm32f7xx_hal_tim_ex.o
                                                  build/stm32f7xx_hal_tim.o
TIMEx_DMACommutationHalfCplt                      build/stm32f7xx_hal_tim_ex.o
                                                  build/stm32f7xx_hal_tim.o
TIM_Base_SetConfig                                build/stm32f7xx_hal_tim.o
                                                  build/stm32f7xx_hal_tim_ex.o
TIM_CCxChannelCmd                                 build/stm32f7xx_hal_tim.o
                                                  build/stm32f7xx_hal_tim_ex.o
TIM_DMACaptureCplt                                build/stm32f7xx_hal_tim.o
                                                  build/stm32f7xx_hal_tim_ex.o
TIM_DMACaptureHalfCplt                            build/stm32f7xx_hal_tim.o
                                                  build/stm32f7xx_hal_tim_ex.o
TIM_DMADelayPulseHalfCplt                         build/stm32f7xx_hal_tim.o
                                                  build/stm32f7xx_hal_tim_ex.o
TIM_DMAError                                      build/stm32f7xx_hal_tim.o
                                                  build/stm32f7xx_hal_tim_ex.o
TIM_ETR_SetConfig                                 build/stm32f7xx_hal_tim.o
TIM_OC2_SetConfig                                 build/stm32f7xx_hal_tim.o
                                                  build/stm32f7xx_hal_tim_ex.o
TIM_TI1_SetConfig                                 build/stm32f7xx_hal_tim.o
                                                  build/stm32f7xx_hal_tim_ex.o
UART4_IRQHandler                                  build/startup_stm32f767xx.o
UART5_IRQHandler                                  build/startup_stm32f767xx.o
UART7_IRQHandler                                  build/startup_stm32f767xx.o
UART8_IRQHandler                                  build/startup_stm32f767xx.o
UART_AdvFeatureConfig                             build/stm32f7xx_hal_uart.o
                                                  build/stm32f7xx_hal_uart_ex.o
UART_CheckIdleState                               build/stm32f7xx_hal_uart.o
                                                  build/stm32f7xx_hal_uart_ex.o
UART_SetConfig                                    build/stm32f7xx_hal_uart.o
                                                  build/stm32f7xx_hal_uart_ex.o
UART_Start_Receive_DMA                            build/stm32f7xx_hal_uart.o
                                                  build/stm32f7xx_hal_uart_ex.o
UART_Start_Receive_IT                             build/stm32f7xx_hal_uart.o
                                                  build/stm32f7xx_hal_uart_ex.o
UART_WaitOnFlagUntilTimeout                       build/stm32f7xx_hal_uart.o
                                                  build/stm32f7xx_hal_uart_ex.o
USART1_IRQHandler                                 build/startup_stm32f767xx.o
USART2_IRQHandler                                 build/startup_stm32f767xx.o
USART3_IRQHandler                                 build/stm32f7xx_it.o
USART6_IRQHandler                                 build/startup_stm32f767xx.o
UsageFault_Handler                                build/stm32f7xx_it.o
WWDG_IRQHandler                                   build/startup_stm32f767xx.o
__aeabi_idiv0                                     /opt/gcc-arm-none-eabi-10-2020-q4-major/bin/../lib/gcc/arm-none-eabi/10.2.1/thumb/v7e-m+dp/hard/libgcc.a(_dvmd_tls.o)
__aeabi_ldiv0                                     /opt/gcc-arm-none-eabi-10-2020-q4-major/bin/../lib/gcc/arm-none-eabi/10.2.1/thumb/v7e-m+dp/hard/libgcc.a(_dvmd_tls.o)
                                                  /opt/gcc-arm-none-eabi-10-2020-q4-major/bin/../lib/gcc/arm-none-eabi/10.2.1/thumb/v7e-m+dp/hard/libgcc.a(_aeabi_uldivmod.o)
__aeabi_uldivmod                                  /opt/gcc-arm-none-eabi-10-2020-q4-major/bin/../lib/gcc/arm-none-eabi/10.2.1/thumb/v7e-m+dp/hard/libgcc.a(_aeabi_uldivmod.o)
                                                  build/stm32f7xx_hal_rcc.o
__bss_end__                                       /opt/gcc-arm-none-eabi-10-2020-q4-major/bin/../lib/gcc/arm-none-eabi/10.2.1/../../../../arm-none-eabi/lib/thumb/v7e-m+dp/hard/crt0.o
__bss_start__                                     /opt/gcc-arm-none-eabi-10-2020-q4-major/bin/../lib/gcc/arm-none-eabi/10.2.1/../../../../arm-none-eabi/lib/thumb/v7e-m+dp/hard/crt0.o
__call_exitprocs                                  /opt/gcc-arm-none-eabi-10-2020-q4-major/bin/../lib/gcc/arm-none-eabi/10.2.1/../../../../arm-none-eabi/lib/thumb/v7e-m+dp/hard/libc_nano.a(lib_a-exit.o)
__deregister_frame_info                           /opt/gcc-arm-none-eabi-10-2020-q4-major/bin/../lib/gcc/arm-none-eabi/10.2.1/thumb/v7e-m+dp/hard/crtbegin.o
__dso_handle                                      /opt/gcc-arm-none-eabi-10-2020-q4-major/bin/../lib/gcc/arm-none-eabi/10.2.1/thumb/v7e-m+dp/hard/crtbegin.o
__init_array_end                                  /opt/gcc-arm-none-eabi-10-2020-q4-major/bin/../lib/gcc/arm-none-eabi/10.2.1/../../../../arm-none-eabi/lib/thumb/v7e-m+dp/hard/libc_nano.a(lib_a-init.o)